<html>
<body>
<pre>
<h1>µVision Build Log</h1>
<h2>Project:</h2>
C:\Users\mct\Desktop\RunBallPlate\BallPlateControl_STM32_WS2025\BallPlateControlBaseProg_MS_260420a\BalanceBoard.uvproj
Project File Date:  04/12/2026

<h2>Output:</h2>
Rebuild target 'MCBSTM32'
assembling STM32F10x.s...
compiling STM32_Init.c...
compiling BallPlateMain.c...
app\bbTypeDefs.h(20): warning:  #47-D: incompatible redefinition of macro "PI" (declared at line 37 of "..\StdPeriph_Lib\..\basicIO\mctDefs.h")
compiling Controller.c...
app\bbTypeDefs.h(20): warning:  #47-D: incompatible redefinition of macro "PI" (declared at line 37 of "..\StdPeriph_Lib\..\basicIO\mctDefs.h")
app\Controller.c(501): warning:  #223-D: function "KFcomputeFMat" declared implicitly
app\Controller.c(507): warning:  #223-D: function "KFcomputeGMat" declared implicitly
app\Controller.c(511): warning:  #223-D: function "KFpredictState" declared implicitly
app\Controller.c(522): warning:  #223-D: function "KF_PTUPD" declared implicitly
app\Controller.c(533): warning:  #223-D: function "KFcomputeKMat" declared implicitly
app\Controller.c(537): warning:  #223-D: function "KF_PMUPD" declared implicitly
app\Controller.c(545): warning:  #223-D: function "KF_xMUPD" declared implicitly
app\Controller.c(369): warning:  #550-D: variable "xEstError" was set but never used
app\Controller.c(370): warning:  #550-D: variable "yEstError" was set but never used
compiling bsp.c...
compiling auxSIOcomm.c...
app\bbTypeDefs.h(20): warning:  #47-D: incompatible redefinition of macro "PI" (declared at line 37 of "..\StdPeriph_Lib\..\basicIO\mctDefs.h")
compiling Utility.c...
app\bbTypeDefs.h(20): warning:  #47-D: incompatible redefinition of macro "PI" (declared at line 37 of "..\StdPeriph_Lib\..\basicIO\mctDefs.h")
compiling BallPlateKFlib.c...
BallPlateKFlib.h(95): warning:  #1-D: last line of file ends without a newline
compiling misc.c...
compiling core_cm3.c...
compiling system_stm32f10x.c...
compiling stm32f10x_rcc.c...
compiling BasicIO.c...
linking...
Program Size: Code=16464 RO-data=1072 RW-data=744 ZI-data=896  
".\obj\BallPlateF103.axf" - 0 Error(s), 14 Warning(s).
Rebuild target 'MCBSTM32'
assembling STM32F10x.s...
compiling STM32_Init.c...
compiling BallPlateMain.c...
app\bbTypeDefs.h(20): warning:  #47-D: incompatible redefinition of macro "PI" (declared at line 37 of "..\StdPeriph_Lib\..\basicIO\mctDefs.h")
compiling Controller.c...
app\BallplateKFlib.h(91): warning:  #1-D: last line of file ends without a newline
app\bbTypeDefs.h(20): warning:  #47-D: incompatible redefinition of macro "PI" (declared at line 37 of "..\StdPeriph_Lib\..\basicIO\mctDefs.h")
app\Controller.c(522): error:  #167: argument of type "const float *" is incompatible with parameter of type "float *"
app\Controller.c(523): error:  #167: argument of type "const float *" is incompatible with parameter of type "float *"
app\Controller.c(533): error:  #167: argument of type "const float *" is incompatible with parameter of type "float *"
app\Controller.c(534): error:  #167: argument of type "const float *" is incompatible with parameter of type "float *"
app\Controller.c(369): warning:  #550-D: variable "xEstError" was set but never used
app\Controller.c(370): warning:  #550-D: variable "yEstError" was set but never used
compiling bsp.c...
compiling auxSIOcomm.c...
app\bbTypeDefs.h(20): warning:  #47-D: incompatible redefinition of macro "PI" (declared at line 37 of "..\StdPeriph_Lib\..\basicIO\mctDefs.h")
compiling Utility.c...
app\bbTypeDefs.h(20): warning:  #47-D: incompatible redefinition of macro "PI" (declared at line 37 of "..\StdPeriph_Lib\..\basicIO\mctDefs.h")
compiling BallPlateKFlib.c...
BallPlateKFlib.h(95): warning:  #1-D: last line of file ends without a newline
compiling misc.c...
compiling core_cm3.c...
compiling system_stm32f10x.c...
compiling stm32f10x_rcc.c...
compiling BasicIO.c...
Target not created
Rebuild target 'MCBSTM32'
assembling STM32F10x.s...
compiling STM32_Init.c...
compiling BallPlateMain.c...
app\bbTypeDefs.h(20): warning:  #47-D: incompatible redefinition of macro "PI" (declared at line 37 of "..\StdPeriph_Lib\..\basicIO\mctDefs.h")
compiling Controller.c...
app\BallplateKFlib.h(91): warning:  #1-D: last line of file ends without a newline
app\bbTypeDefs.h(20): warning:  #47-D: incompatible redefinition of macro "PI" (declared at line 37 of "..\StdPeriph_Lib\..\basicIO\mctDefs.h")
app\Controller.c(369): warning:  #550-D: variable "xEstError" was set but never used
app\Controller.c(370): warning:  #550-D: variable "yEstError" was set but never used
compiling bsp.c...
compiling auxSIOcomm.c...
app\bbTypeDefs.h(20): warning:  #47-D: incompatible redefinition of macro "PI" (declared at line 37 of "..\StdPeriph_Lib\..\basicIO\mctDefs.h")
compiling Utility.c...
app\bbTypeDefs.h(20): warning:  #47-D: incompatible redefinition of macro "PI" (declared at line 37 of "..\StdPeriph_Lib\..\basicIO\mctDefs.h")
compiling BallPlateKFlib.c...
BallPlateKFlib.h(95): warning:  #1-D: last line of file ends without a newline
compiling misc.c...
compiling core_cm3.c...
compiling system_stm32f10x.c...
compiling stm32f10x_rcc.c...
compiling BasicIO.c...
linking...
Program Size: Code=16436 RO-data=1076 RW-data=744 ZI-data=896  
".\obj\BallPlateF103.axf" - 0 Error(s), 8 Warning(s).
Rebuild target 'MCBSTM32'
assembling STM32F10x.s...
compiling STM32_Init.c...
compiling BallPlateMain.c...
app\bbTypeDefs.h(20): warning:  #47-D: incompatible redefinition of macro "PI" (declared at line 37 of "..\StdPeriph_Lib\..\basicIO\mctDefs.h")
compiling Controller.c...
app\BallplateKFlib.h(91): warning:  #1-D: last line of file ends without a newline
app\bbTypeDefs.h(20): warning:  #47-D: incompatible redefinition of macro "PI" (declared at line 37 of "..\StdPeriph_Lib\..\basicIO\mctDefs.h")
app\Controller.c(369): warning:  #550-D: variable "xEstError" was set but never used
app\Controller.c(370): warning:  #550-D: variable "yEstError" was set but never used
compiling bsp.c...
compiling auxSIOcomm.c...
app\bbTypeDefs.h(20): warning:  #47-D: incompatible redefinition of macro "PI" (declared at line 37 of "..\StdPeriph_Lib\..\basicIO\mctDefs.h")
compiling Utility.c...
app\bbTypeDefs.h(20): warning:  #47-D: incompatible redefinition of macro "PI" (declared at line 37 of "..\StdPeriph_Lib\..\basicIO\mctDefs.h")
compiling BallPlateKFlib.c...
BallPlateKFlib.h(95): warning:  #1-D: last line of file ends without a newline
compiling misc.c...
compiling core_cm3.c...
compiling system_stm32f10x.c...
compiling stm32f10x_rcc.c...
compiling BasicIO.c...
linking...
Program Size: Code=16436 RO-data=1076 RW-data=744 ZI-data=896  
".\obj\BallPlateF103.axf" - 0 Error(s), 8 Warning(s).
Rebuild target 'MCBSTM32'
assembling STM32F10x.s...
compiling STM32_Init.c...
compiling BallPlateMain.c...
app\bbTypeDefs.h(20): warning:  #47-D: incompatible redefinition of macro "PI" (declared at line 37 of "..\StdPeriph_Lib\..\basicIO\mctDefs.h")
compiling Controller.c...
app\BallplateKFlib.h(91): warning:  #1-D: last line of file ends without a newline
app\bbTypeDefs.h(20): warning:  #47-D: incompatible redefinition of macro "PI" (declared at line 37 of "..\StdPeriph_Lib\..\basicIO\mctDefs.h")
app\Controller.c(369): warning:  #550-D: variable "xEstError" was set but never used
app\Controller.c(370): warning:  #550-D: variable "yEstError" was set but never used
compiling bsp.c...
compiling auxSIOcomm.c...
app\bbTypeDefs.h(20): warning:  #47-D: incompatible redefinition of macro "PI" (declared at line 37 of "..\StdPeriph_Lib\..\basicIO\mctDefs.h")
compiling Utility.c...
app\bbTypeDefs.h(20): warning:  #47-D: incompatible redefinition of macro "PI" (declared at line 37 of "..\StdPeriph_Lib\..\basicIO\mctDefs.h")
compiling BallPlateKFlib.c...
BallPlateKFlib.h(95): warning:  #1-D: last line of file ends without a newline
compiling misc.c...
compiling core_cm3.c...
compiling system_stm32f10x.c...
compiling stm32f10x_rcc.c...
compiling BasicIO.c...
linking...
Program Size: Code=16436 RO-data=1076 RW-data=744 ZI-data=896  
".\obj\BallPlateF103.axf" - 0 Error(s), 8 Warning(s).
Rebuild target 'MCBSTM32'
assembling STM32F10x.s...
compiling STM32_Init.c...
compiling BallPlateMain.c...
app\bbTypeDefs.h(20): warning:  #47-D: incompatible redefinition of macro "PI" (declared at line 37 of "..\StdPeriph_Lib\..\basicIO\mctDefs.h")
compiling Controller.c...
app\BallplateKFlib.h(91): warning:  #1-D: last line of file ends without a newline
app\bbTypeDefs.h(20): warning:  #47-D: incompatible redefinition of macro "PI" (declared at line 37 of "..\StdPeriph_Lib\..\basicIO\mctDefs.h")
app\Controller.c(463): error:  #268: declaration may not appear after executable statement in block
app\Controller.c(464): error:  #268: declaration may not appear after executable statement in block
app\Controller.c(369): warning:  #550-D: variable "xEstError" was set but never used
app\Controller.c(370): warning:  #550-D: variable "yEstError" was set but never used
compiling bsp.c...
compiling auxSIOcomm.c...
app\bbTypeDefs.h(20): warning:  #47-D: incompatible redefinition of macro "PI" (declared at line 37 of "..\StdPeriph_Lib\..\basicIO\mctDefs.h")
compiling Utility.c...
app\bbTypeDefs.h(20): warning:  #47-D: incompatible redefinition of macro "PI" (declared at line 37 of "..\StdPeriph_Lib\..\basicIO\mctDefs.h")
compiling BallPlateKFlib.c...
BallPlateKFlib.h(95): warning:  #1-D: last line of file ends without a newline
compiling misc.c...
compiling core_cm3.c...
compiling system_stm32f10x.c...
compiling stm32f10x_rcc.c...
compiling BasicIO.c...
Target not created
Rebuild target 'MCBSTM32'
assembling STM32F10x.s...
compiling STM32_Init.c...
compiling BallPlateMain.c...
app\bbTypeDefs.h(20): warning:  #47-D: incompatible redefinition of macro "PI" (declared at line 37 of "..\StdPeriph_Lib\..\basicIO\mctDefs.h")
compiling Controller.c...
app\BallplateKFlib.h(91): warning:  #1-D: last line of file ends without a newline
app\bbTypeDefs.h(20): warning:  #47-D: incompatible redefinition of macro "PI" (declared at line 37 of "..\StdPeriph_Lib\..\basicIO\mctDefs.h")
app\Controller.c(369): warning:  #550-D: variable "xEstError" was set but never used
app\Controller.c(370): warning:  #550-D: variable "yEstError" was set but never used
compiling bsp.c...
compiling auxSIOcomm.c...
app\bbTypeDefs.h(20): warning:  #47-D: incompatible redefinition of macro "PI" (declared at line 37 of "..\StdPeriph_Lib\..\basicIO\mctDefs.h")
compiling Utility.c...
app\bbTypeDefs.h(20): warning:  #47-D: incompatible redefinition of macro "PI" (declared at line 37 of "..\StdPeriph_Lib\..\basicIO\mctDefs.h")
compiling BallPlateKFlib.c...
BallPlateKFlib.h(95): warning:  #1-D: last line of file ends without a newline
compiling misc.c...
compiling core_cm3.c...
compiling system_stm32f10x.c...
compiling stm32f10x_rcc.c...
compiling BasicIO.c...
linking...
Program Size: Code=16432 RO-data=1072 RW-data=744 ZI-data=896  
".\obj\BallPlateF103.axf" - 0 Error(s), 8 Warning(s).
Build target 'MCBSTM32'
compiling BallPlateMain.c...
app\bbTypeDefs.h(20): warning:  #47-D: incompatible redefinition of macro "PI" (declared at line 37 of "..\StdPeriph_Lib\..\basicIO\mctDefs.h")
compiling Controller.c...
app\BallplateKFlib.h(91): warning:  #1-D: last line of file ends without a newline
app\bbTypeDefs.h(20): warning:  #47-D: incompatible redefinition of macro "PI" (declared at line 37 of "..\StdPeriph_Lib\..\basicIO\mctDefs.h")
app\Controller.c(369): warning:  #550-D: variable "xEstError" was set but never used
app\Controller.c(370): warning:  #550-D: variable "yEstError" was set but never used
compiling auxSIOcomm.c...
app\bbTypeDefs.h(20): warning:  #47-D: incompatible redefinition of macro "PI" (declared at line 37 of "..\StdPeriph_Lib\..\basicIO\mctDefs.h")
compiling Utility.c...
app\bbTypeDefs.h(20): warning:  #47-D: incompatible redefinition of macro "PI" (declared at line 37 of "..\StdPeriph_Lib\..\basicIO\mctDefs.h")
linking...
Program Size: Code=16480 RO-data=1072 RW-data=744 ZI-data=896  
".\obj\BallPlateF103.axf" - 0 Error(s), 7 Warning(s).
Build target 'MCBSTM32'
compiling BallPlateMain.c...
app\bbTypeDefs.h(20): warning:  #47-D: incompatible redefinition of macro "PI" (declared at line 37 of "..\StdPeriph_Lib\..\basicIO\mctDefs.h")
compiling Controller.c...
app\BallplateKFlib.h(91): warning:  #1-D: last line of file ends without a newline
app\bbTypeDefs.h(20): warning:  #47-D: incompatible redefinition of macro "PI" (declared at line 37 of "..\StdPeriph_Lib\..\basicIO\mctDefs.h")
app\Controller.c(369): warning:  #550-D: variable "xEstError" was set but never used
app\Controller.c(370): warning:  #550-D: variable "yEstError" was set but never used
compiling auxSIOcomm.c...
app\bbTypeDefs.h(20): warning:  #47-D: incompatible redefinition of macro "PI" (declared at line 37 of "..\StdPeriph_Lib\..\basicIO\mctDefs.h")
compiling Utility.c...
app\bbTypeDefs.h(20): warning:  #47-D: incompatible redefinition of macro "PI" (declared at line 37 of "..\StdPeriph_Lib\..\basicIO\mctDefs.h")
linking...
Program Size: Code=16480 RO-data=1072 RW-data=744 ZI-data=896  
".\obj\BallPlateF103.axf" - 0 Error(s), 7 Warning(s).
Rebuild target 'MCBSTM32'
assembling STM32F10x.s...
compiling STM32_Init.c...
compiling BallPlateMain.c...
app\bbTypeDefs.h(20): warning:  #47-D: incompatible redefinition of macro "PI" (declared at line 37 of "..\StdPeriph_Lib\..\basicIO\mctDefs.h")
compiling Controller.c...
app\BallplateKFlib.h(91): warning:  #1-D: last line of file ends without a newline
app\bbTypeDefs.h(20): warning:  #47-D: incompatible redefinition of macro "PI" (declared at line 37 of "..\StdPeriph_Lib\..\basicIO\mctDefs.h")
app\Controller.c(369): warning:  #550-D: variable "xEstError" was set but never used
app\Controller.c(370): warning:  #550-D: variable "yEstError" was set but never used
compiling bsp.c...
compiling auxSIOcomm.c...
app\bbTypeDefs.h(20): warning:  #47-D: incompatible redefinition of macro "PI" (declared at line 37 of "..\StdPeriph_Lib\..\basicIO\mctDefs.h")
compiling Utility.c...
app\bbTypeDefs.h(20): warning:  #47-D: incompatible redefinition of macro "PI" (declared at line 37 of "..\StdPeriph_Lib\..\basicIO\mctDefs.h")
compiling BallPlateKFlib.c...
BallPlateKFlib.h(95): warning:  #1-D: last line of file ends without a newline
compiling misc.c...
compiling core_cm3.c...
compiling system_stm32f10x.c...
compiling stm32f10x_rcc.c...
compiling BasicIO.c...
linking...
Program Size: Code=16480 RO-data=1072 RW-data=744 ZI-data=896  
".\obj\BallPlateF103.axf" - 0 Error(s), 8 Warning(s).
Build target 'MCBSTM32'
compiling BallPlateMain.c...
app\bbTypeDefs.h(20): warning:  #47-D: incompatible redefinition of macro "PI" (declared at line 37 of "..\StdPeriph_Lib\..\basicIO\mctDefs.h")
linking...
Program Size: Code=16480 RO-data=1072 RW-data=744 ZI-data=896  
".\obj\BallPlateF103.axf" - 0 Error(s), 1 Warning(s).
Build target 'MCBSTM32'
compiling BallPlateMain.c...
app\bbTypeDefs.h(20): warning:  #47-D: incompatible redefinition of macro "PI" (declared at line 37 of "..\StdPeriph_Lib\..\basicIO\mctDefs.h")
compiling Controller.c...
app\BallplateKFlib.h(91): warning:  #1-D: last line of file ends without a newline
app\bbTypeDefs.h(20): warning:  #47-D: incompatible redefinition of macro "PI" (declared at line 37 of "..\StdPeriph_Lib\..\basicIO\mctDefs.h")
app\Controller.c(369): warning:  #550-D: variable "xEstError" was set but never used
app\Controller.c(370): warning:  #550-D: variable "yEstError" was set but never used
compiling auxSIOcomm.c...
app\bbTypeDefs.h(20): warning:  #47-D: incompatible redefinition of macro "PI" (declared at line 37 of "..\StdPeriph_Lib\..\basicIO\mctDefs.h")
compiling Utility.c...
app\bbTypeDefs.h(20): warning:  #47-D: incompatible redefinition of macro "PI" (declared at line 37 of "..\StdPeriph_Lib\..\basicIO\mctDefs.h")
linking...
Program Size: Code=16480 RO-data=1072 RW-data=744 ZI-data=896  
".\obj\BallPlateF103.axf" - 0 Error(s), 7 Warning(s).
