ARM Linker, 5.03 [Build 69] [MDK-ARM Standard]

==============================================================================

Section Cross References

    stm32f10x.o(STACK) refers (Special) to heapauxi.o(.text) for __use_two_region_memory
    stm32f10x.o(HEAP) refers (Special) to heapauxi.o(.text) for __use_two_region_memory
    stm32f10x.o(RESET) refers (Special) to heapauxi.o(.text) for __use_two_region_memory
    stm32f10x.o(RESET) refers to stm32f10x.o(STACK) for __initial_sp
    stm32f10x.o(RESET) refers to stm32f10x.o(.text) for Reset_Handler
    stm32f10x.o(RESET) refers to utility.o(.text) for HardFault_Handler
    stm32f10x.o(RESET) refers to bsp.o(.emb_text) for SVC_Handler
    stm32f10x.o(.text) refers (Special) to heapauxi.o(.text) for __use_two_region_memory
    stm32f10x.o(.text) refers to __main.o(!!!main) for __main
    stm32f10x.o(.text) refers to stm32f10x.o(HEAP) for Heap_Mem
    stm32f10x.o(.text) refers to stm32f10x.o(STACK) for Stack_Mem
    ballplatemain.o(.text) refers to basicio.o(.text) for print_string
    ballplatemain.o(.text) refers to bsp.o(.text) for BSP_CPU_ClkFreq
    ballplatemain.o(.text) refers to utility.o(.text) for initSystem
    ballplatemain.o(.text) refers to rt_memcpy_w.o(.text) for __aeabi_memcpy4
    ballplatemain.o(.text) refers to controller.o(.text) for controlLoop
    ballplatemain.o(.text) refers to ballplatemain.o(.data) for yAxis
    ballplatemain.o(.text) refers to ballplatemain.o(.constdata) for ssModel
    controller.o(.text) refers to fmul.o(x$fpl$fmul) for __aeabi_fmul
    controller.o(.text) refers to faddsub_clz.o(x$fpl$fsub) for __aeabi_fsub
    controller.o(.text) refers to faddsub_clz.o(x$fpl$frsb) for __aeabi_frsub
    controller.o(.text) refers to f2d.o(x$fpl$f2d) for __aeabi_f2d
    controller.o(.text) refers to dmul.o(x$fpl$dmul) for __aeabi_dmul
    controller.o(.text) refers to ddiv.o(x$fpl$ddiv) for __aeabi_ddiv
    controller.o(.text) refers to d2f.o(x$fpl$d2f) for __aeabi_d2f
    controller.o(.text) refers to drleqf.o(x$fpl$drleqf) for __aeabi_cdrcmple
    controller.o(.text) refers to dleqf.o(x$fpl$dleqf) for __aeabi_cdcmple
    controller.o(.text) refers to ballplatekflib.o(.text) for KFcomputeFMat
    controller.o(.text) refers to bsp.o(.text) for BSP_TurnOnOffLED
    controller.o(.text) refers to auxsiocomm.o(.text) for receiveMeasurements
    controller.o(.text) refers to ballplatemain.o(.data) for OpMode
    controller.o(.text) refers to controller.o(.data) for xEstError
    controller.o(.text) refers to controller.o(.bss) for auxSIORxBuf
    controller.o(.text) refers to fflt_clz.o(x$fpl$fflt) for __aeabi_i2f
    controller.o(.text) refers to fdiv.o(x$fpl$fdiv) for __aeabi_fdiv
    controller.o(.text) refers to ffix.o(x$fpl$ffix) for __aeabi_f2iz
    controller.o(.text) refers to utility.o(.text) for setPWMSignalAngle
    controller.o(.text) refers to basicio.o(.text) for print_string
    bsp.o(.text) refers to stm32_init.o(.text) for stm32_Init
    bsp.o(.text) refers to stm32f10x_rcc.o(.text) for RCC_GetClocksFreq
    auxsiocomm.o(.text) refers to bsp.o(.text) for _aux_getch
    auxsiocomm.o(.text) refers to fmul.o(x$fpl$fmul) for __aeabi_fmul
    utility.o(.text) refers to fmul.o(x$fpl$fmul) for __aeabi_fmul
    utility.o(.text) refers to fdiv.o(x$fpl$fdiv) for __aeabi_fdiv
    utility.o(.text) refers to f2d.o(x$fpl$f2d) for __aeabi_f2d
    utility.o(.text) refers to dmul.o(x$fpl$dmul) for __aeabi_dmul
    utility.o(.text) refers to dfix.o(x$fpl$dfix) for __aeabi_d2iz
    utility.o(.text) refers to bsp.o(.text) for BSP_Init
    utility.o(.text) refers to basicio.o(.text) for print_string
    utility.o(.text) refers to dleqf.o(x$fpl$dleqf) for __aeabi_cdcmple
    utility.o(.text) refers to ffix.o(x$fpl$ffix) for __aeabi_f2iz
    utility.o(.text) refers to fflt_clz.o(x$fpl$fflt) for __aeabi_i2f
    utility.o(.text) refers to faddsub_clz.o(x$fpl$frsb) for __aeabi_frsub
    utility.o(.text) refers to _sprintf.o(.text) for _sprintf
    utility.o(.text) refers to stm32f10x.o(.text) for get_pc_from_intstack
    ballplatekflib.o(.text) refers to faddsub_clz.o(x$fpl$fadd) for __aeabi_fadd
    ballplatekflib.o(.text) refers to f2d.o(x$fpl$f2d) for __aeabi_f2d
    ballplatekflib.o(.text) refers to cos.o(i.cos) for cos
    ballplatekflib.o(.text) refers to d2f.o(x$fpl$d2f) for __aeabi_d2f
    ballplatekflib.o(.text) refers to fmul.o(x$fpl$fmul) for __aeabi_fmul
    ballplatekflib.o(.text) refers to daddsub_clz.o(x$fpl$drsb) for __aeabi_drsub
    ballplatekflib.o(.text) refers to ddiv.o(x$fpl$ddiv) for __aeabi_ddiv
    ballplatekflib.o(.text) refers to faddsub_clz.o(x$fpl$fsub) for __aeabi_fsub
    ballplatekflib.o(.text) refers to faddsub_clz.o(x$fpl$frsb) for __aeabi_frsub
    system_stm32f10x.o(.text) refers to system_stm32f10x.o(.data) for SystemCoreClock
    stm32f10x_rcc.o(.text) refers to stm32f10x_rcc.o(.data) for APBAHBPrescTable
[...]
    ../clib/signal.c                         0x00000000   Number         0  defsig_abrt_inner.o ABSOLUTE
    ../clib/signal.c                         0x00000000   Number         0  defsig_rtmem_outer.o ABSOLUTE
    ../clib/signal.c                         0x00000000   Number         0  defsig_fpe_inner.o ABSOLUTE
    ../clib/signal.c                         0x00000000   Number         0  defsig_general.o ABSOLUTE
    ../clib/signal.c                         0x00000000   Number         0  defsig_rtred_inner.o ABSOLUTE
    ../clib/signal.s                         0x00000000   Number         0  defsig.o ABSOLUTE
    ../clib/stdlib.c                         0x00000000   Number         0  exit.o ABSOLUTE
    ../fplib/d2f.s                           0x00000000   Number         0  d2f.o ABSOLUTE
    ../fplib/daddsub.s                       0x00000000   Number         0  daddsub_clz.o ABSOLUTE
    ../fplib/dcheck1.s                       0x00000000   Number         0  dcheck1.o ABSOLUTE
    ../fplib/dcmpi.s                         0x00000000   Number         0  dcmpi.o ABSOLUTE
    ../fplib/ddiv.s                          0x00000000   Number         0  ddiv.o ABSOLUTE
    ../fplib/dfix.s                          0x00000000   Number         0  dfix.o ABSOLUTE
    ../fplib/dflt.s                          0x00000000   Number         0  dflt_clz.o ABSOLUTE
    ../fplib/dleqf.s                         0x00000000   Number         0  dleqf.o ABSOLUTE
    ../fplib/dmul.s                          0x00000000   Number         0  dmul.o ABSOLUTE
    ../fplib/dnaninf.s                       0x00000000   Number         0  dnaninf.o ABSOLUTE
    ../fplib/dretinf.s                       0x00000000   Number         0  dretinf.o ABSOLUTE
    ../fplib/drleqf.s                        0x00000000   Number         0  drleqf.o ABSOLUTE
    ../fplib/f2d.s                           0x00000000   Number         0  f2d.o ABSOLUTE
    ../fplib/faddsub.s                       0x00000000   Number         0  faddsub_clz.o ABSOLUTE
    ../fplib/fdiv.s                          0x00000000   Number         0  fdiv.o ABSOLUTE
    ../fplib/ffix.s                          0x00000000   Number         0  ffix.o ABSOLUTE
    ../fplib/fflt.s                          0x00000000   Number         0  fflt_clz.o ABSOLUTE
    ../fplib/fmul.s                          0x00000000   Number         0  fmul.o ABSOLUTE
    ../fplib/fnaninf.s                       0x00000000   Number         0  fnaninf.o ABSOLUTE
    ../fplib/fpinit.s                        0x00000000   Number         0  fpinit.o ABSOLUTE
    ../fplib/fretinf.s                       0x00000000   Number         0  fretinf.o ABSOLUTE
    ../fplib/retnan.s                        0x00000000   Number         0  retnan.o ABSOLUTE
    ../fplib/scalbn.s                        0x00000000   Number         0  scalbn.o ABSOLUTE
    ../fplib/trapv.s                         0x00000000   Number         0  trapv.o ABSOLUTE
    ../fplib/usenofp.s                       0x00000000   Number         0  usenofp.o ABSOLUTE
    ../mathlib/cos.c                         0x00000000   Number         0  cos_x.o ABSOLUTE
    ../mathlib/cos.c                         0x00000000   Number         0  cos.o ABSOLUTE
    ../mathlib/cos_i.c                       0x00000000   Number         0  cos_i.o ABSOLUTE
    ../mathlib/dunder.c                      0x00000000   Number         0  dunder.o ABSOLUTE
    ../mathlib/fpclassify.c                  0x00000000   Number         0  fpclassify.o ABSOLUTE
    ../mathlib/poly.c                        0x00000000   Number         0  poly.o ABSOLUTE
    ../mathlib/rred.c                        0x00000000   Number         0  rred.o ABSOLUTE
    ../mathlib/sin_i.c                       0x00000000   Number         0  sin_i_x.o ABSOLUTE
    ../mathlib/sin_i.c                       0x00000000   Number         0  sin_i.o ABSOLUTE
    ..\BasicIO\BasicIO.c                     0x00000000   Number         0  basicio.o ABSOLUTE
    ..\StdPeriph_Lib\CMSIS\CM3\CoreSupport\core_cm3.c 0x00000000   Number         0  core_cm3.o ABSOLUTE
    ..\StdPeriph_Lib\CMSIS\CM3\DeviceSupport\ST\STM32F10x\system_stm32f10x.c 0x00000000   Number         0  system_stm32f10x.o ABSOLUTE
    ..\StdPeriph_Lib\STM32F10x_StdPeriph_Driver\src\misc.c 0x00000000   Number         0  misc.o ABSOLUTE
    ..\StdPeriph_Lib\STM32F10x_StdPeriph_Driver\src\stm32f10x_rcc.c 0x00000000   Number         0  stm32f10x_rcc.o ABSOLUTE
    ..\\StdPeriph_Lib\\CMSIS\\CM3\\CoreSupport\\core_cm3.c 0x00000000   Number         0  core_cm3.o ABSOLUTE
    ..\\StdPeriph_Lib\\CMSIS\\CM3\\DeviceSupport\\ST\\STM32F10x\\system_stm32f10x.c 0x00000000   Number         0  system_stm32f10x.o ABSOLUTE
    ..\\StdPeriph_Lib\\STM32F10x_StdPeriph_Driver\\src\\misc.c 0x00000000   Number         0  misc.o ABSOLUTE
    ..\\StdPeriph_Lib\\STM32F10x_StdPeriph_Driver\\src\\stm32f10x_rcc.c 0x00000000   Number         0  stm32f10x_rcc.o ABSOLUTE
    BallPlateKFlib.c                         0x00000000   Number         0  ballplatekflib.o ABSOLUTE
    app\BallPlateMain.c                      0x00000000   Number         0  ballplatemain.o ABSOLUTE
    app\Controller.c                         0x00000000   Number         0  controller.o ABSOLUTE
    app\Utility.c                            0x00000000   Number         0  utility.o ABSOLUTE
    app\\BallPlateMain.c                     0x00000000   Number         0  ballplatemain.o ABSOLUTE
    app\\Controller.c                        0x00000000   Number         0  controller.o ABSOLUTE
    app\\Utility.c                           0x00000000   Number         0  utility.o ABSOLUTE
    app\auxSIOcomm.c                         0x00000000   Number         0  auxsiocomm.o ABSOLUTE
    cfg\\bsp.c                               0x00000000   Number         0  bsp.o ABSOLUTE
    cfg\bsp.c                                0x00000000   Number         0  bsp.o ABSOLUTE
    dc.s                                     0x00000000   Number         0  dc.o ABSOLUTE
    init\STM32F10x.s                         0x00000000   Number         0  stm32f10x.o ABSOLUTE
    init\STM32_Init.c                        0x00000000   Number         0  stm32_init.o ABSOLUTE
    init\\STM32_Init.c                       0x00000000   Number         0  stm32_init.o ABSOLUTE
    RESET                                    0x08000000   Section      236  stm32f10x.o(RESET)
    !!!main                                  0x080000ec   Section        8  __main.o(!!!main)
    !!!scatter                               0x080000f4   Section       52  __scatter.o(!!!scatter)
    !!dczerorl2                              0x08000128   Section       90  __dczerorl2.o(!!dczerorl2)
    !!handler_zi                             0x08000184   Section       28  __scatter_zi.o(!!handler_zi)
    .ARM.Collect$$_printf_percent$$00000000  0x080001a0   Section        0  _printf_percent.o(.ARM.Collect$$_printf_percent$$00000000)
    .ARM.Collect$$_printf_percent$$00000001  0x080001a0   Section        6  _printf_n.o(.ARM.Collect$$_printf_percent$$00000001)
    .ARM.Collect$$_printf_percent$$00000002  0x080001a6   Section        6  _printf_p.o(.ARM.Collect$$_printf_percent$$00000002)
    .ARM.Collect$$_printf_percent$$00000003  0x080001ac   Section        6  _printf_f.o(.ARM.Collect$$_printf_percent$$00000003)
    .ARM.Collect$$_printf_percent$$00000004  0x080001b2   Section        6  _printf_e.o(.ARM.Collect$$_printf_percent$$00000004)
    .ARM.Collect$$_printf_percent$$00000005  0x080001b8   Section        6  _printf_g.o(.ARM.Collect$$_printf_percent$$00000005)
    .ARM.Collect$$_printf_percent$$00000006  0x080001be   Section        6  _printf_a.o(.ARM.Collect$$_printf_percent$$00000006)
    .ARM.Collect$$_printf_percent$$00000007  0x080001c4   Section       10  _printf_ll.o(.ARM.Collect$$_printf_percent$$00000007)
    .ARM.Collect$$_printf_percent$$00000008  0x080001ce   Section        6  _printf_i.o(.ARM.Collect$$_printf_percent$$00000008)
    .ARM.Collect$$_printf_percent$$00000009  0x080001d4   Section        6  _printf_d.o(.ARM.Collect$$_printf_percent$$00000009)
    .ARM.Collect$$_printf_percent$$0000000A  0x080001da   Section        6  _printf_u.o(.ARM.Collect$$_printf_percent$$0000000A)
    .ARM.Collect$$_printf_percent$$0000000B  0x080001e0   Section        6  _printf_o.o(.ARM.Collect$$_printf_percent$$0000000B)
    .ARM.Collect$$_printf_percent$$0000000C  0x080001e6   Section        6  _printf_x.o(.ARM.Collect$$_printf_percent$$0000000C)
    .ARM.Collect$$_printf_percent$$0000000D  0x080001ec   Section        6  _printf_lli.o(.ARM.Collect$$_printf_percent$$0000000D)
    .ARM.Collect$$_printf_percent$$0000000E  0x080001f2   Section        6  _printf_lld.o(.ARM.Collect$$_printf_percent$$0000000E)
    .ARM.Collect$$_printf_percent$$0000000F  0x080001f8   Section        6  _printf_llu.o(.ARM.Collect$$_printf_percent$$0000000F)
    .ARM.Collect$$_printf_percent$$00000010  0x080001fe   Section        6  _printf_llo.o(.ARM.Collect$$_printf_percent$$00000010)
    .ARM.Collect$$_printf_percent$$00000011  0x08000204   Section        6  _printf_llx.o(.ARM.Collect$$_printf_percent$$00000011)
    .ARM.Collect$$_printf_percent$$00000012  0x0800020a   Section       10  _printf_l.o(.ARM.Collect$$_printf_percent$$00000012)
    .ARM.Collect$$_printf_percent$$00000013  0x08000214   Section        6  _printf_c.o(.ARM.Collect$$_printf_percent$$00000013)
    .ARM.Collect$$_printf_percent$$00000014  0x0800021a   Section        6  _printf_s.o(.ARM.Collect$$_printf_percent$$00000014)
    .ARM.Collect$$_printf_percent$$00000015  0x08000220   Section        6  _printf_lc.o(.ARM.Collect$$_printf_percent$$00000015)
    .ARM.Collect$$_printf_percent$$00000016  0x08000226   Section        6  _printf_ls.o(.ARM.Collect$$_printf_percent$$00000016)
    .ARM.Collect$$_printf_percent$$00000017  0x0800022c   Section        4  _printf_percent_end.o(.ARM.Collect$$_printf_percent$$00000017)
    .ARM.Collect$$libinit$$00000000          0x08000230   Section        2  libinit.o(.ARM.Collect$$libinit$$00000000)
    .ARM.Collect$$libinit$$00000002          0x08000232   Section        0  libinit2.o(.ARM.Collect$$libinit$$00000002)
    .ARM.Collect$$libinit$$00000008          0x08000232   Section        0  libinit2.o(.ARM.Collect$$libinit$$00000008)
    .ARM.Collect$$libinit$$0000000A          0x08000232   Section        0  libinit2.o(.ARM.Collect$$libinit$$0000000A)
    .ARM.Collect$$libinit$$0000000C          0x08000232   Section        0  libinit2.o(.ARM.Collect$$libinit$$0000000C)
    .ARM.Collect$$libinit$$0000000D          0x08000232   Section        6  libinit2.o(.ARM.Collect$$libinit$$0000000D)
    .ARM.Collect$$libinit$$0000000F          0x08000238   Section        0  libinit2.o(.ARM.Collect$$libinit$$0000000F)
    .ARM.Collect$$libinit$$00000010          0x08000238   Section       12  libinit2.o(.ARM.Collect$$libinit$$00000010)
    .ARM.Collect$$libinit$$00000011          0x08000244   Section        0  libinit2.o(.ARM.Collect$$libinit$$00000011)
    .ARM.Collect$$libinit$$00000013          0x08000244   Section        0  libinit2.o(.ARM.Collect$$libinit$$00000013)
    .ARM.Collect$$libinit$$00000015          0x08000244   Section        0  libinit2.o(.ARM.Collect$$libinit$$00000015)
    .ARM.Collect$$libinit$$00000017          0x08000244   Section        0  libinit2.o(.ARM.Collect$$libinit$$00000017)
    .ARM.Collect$$libinit$$00000019          0x08000244   Section        0  libinit2.o(.ARM.Collect$$libinit$$00000019)
    .ARM.Collect$$libinit$$0000001B          0x08000244   Section        0  libinit2.o(.ARM.Collect$$libinit$$0000001B)
    .ARM.Collect$$libinit$$0000001D          0x08000244   Section        0  libinit2.o(.ARM.Collect$$libinit$$0000001D)
    .ARM.Collect$$libinit$$0000001F          0x08000244   Section        0  libinit2.o(.ARM.Collect$$libinit$$0000001F)
    .ARM.Collect$$libinit$$00000021          0x08000244   Section        0  libinit2.o(.ARM.Collect$$libinit$$00000021)
    .ARM.Collect$$libinit$$00000023          0x08000244   Section        0  libinit2.o(.ARM.Collect$$libinit$$00000023)
    .ARM.Collect$$libinit$$0000002A          0x08000244   Section        0  libinit2.o(.ARM.Collect$$libinit$$0000002A)
    .ARM.Collect$$libinit$$0000002C          0x08000244   Section        0  libinit2.o(.ARM.Collect$$libinit$$0000002C)
    .ARM.Collect$$libinit$$0000002E          0x08000244   Section        0  libinit2.o(.ARM.Collect$$libinit$$0000002E)
    .ARM.Collect$$libinit$$00000030          0x08000244   Section        0  libinit2.o(.ARM.Collect$$libinit$$00000030)
    .ARM.Collect$$libinit$$00000031          0x08000244   Section        2  libinit2.o(.ARM.Collect$$libinit$$00000031)
    .ARM.Collect$$libshutdown$$00000000      0x08000246   Section        2  libshutdown.o(.ARM.Collect$$libshutdown$$00000000)
    .ARM.Collect$$libshutdown$$00000003      0x08000248   Section        0  libshutdown2.o(.ARM.Collect$$libshutdown$$00000003)
    .ARM.Collect$$libshutdown$$00000006      0x08000248   Section        0  libshutdown2.o(.ARM.Collect$$libshutdown$$00000006)
    .ARM.Collect$$libshutdown$$00000009      0x08000248   Section        0  libshutdown2.o(.ARM.Collect$$libshutdown$$00000009)
    .ARM.Collect$$libshutdown$$0000000B      0x08000248   Section        0  libshutdown2.o(.ARM.Collect$$libshutdown$$0000000B)
    .ARM.Collect$$libshutdown$$0000000E      0x08000248   Section        0  libshutdown2.o(.ARM.Collect$$libshutdown$$0000000E)
    .ARM.Collect$$libshutdown$$0000000F      0x08000248   Section        2  libshutdown2.o(.ARM.Collect$$libshutdown$$0000000F)
    .ARM.Collect$$rtentry$$00000000          0x0800024a   Section        0  rtentry.o(.ARM.Collect$$rtentry$$00000000)
    .ARM.Collect$$rtentry$$00000002          0x0800024a   Section        0  rtentry2.o(.ARM.Collect$$rtentry$$00000002)
    .ARM.Collect$$rtentry$$00000004          0x0800024a   Section        6  rtentry4.o(.ARM.Collect$$rtentry$$00000004)
    .ARM.Collect$$rtentry$$00000009          0x08000250   Section        0  rtentry2.o(.ARM.Collect$$rtentry$$00000009)
    .ARM.Collect$$rtentry$$0000000A          0x08000250   Section        4  rtentry2.o(.ARM.Collect$$rtentry$$0000000A)
    .ARM.Collect$$rtentry$$0000000C          0x08000254   Section        0  rtentry2.o(.ARM.Collect$$rtentry$$0000000C)
    .ARM.Collect$$rtentry$$0000000D          0x08000254   Section        8  rtentry2.o(.ARM.Collect$$rtentry$$0000000D)
    .ARM.Collect$$rtexit$$00000000           0x0800025c   Section        2  rtexit.o(.ARM.Collect$$rtexit$$00000000)
    .ARM.Collect$$rtexit$$00000002           0x0800025e   Section        0  rtexit2.o(.ARM.Collect$$rtexit$$00000002)
    .ARM.Collect$$rtexit$$00000003           0x0800025e   Section        4  rtexit2.o(.ARM.Collect$$rtexit$$00000003)
    .ARM.Collect$$rtexit$$00000004           0x08000262   Section        6  rtexit2.o(.ARM.Collect$$rtexit$$00000004)
    .emb_text                                0x08000268   Section      100  bsp.o(.emb_text)
    SVC_Count                                0x080002b0   Data           4  bsp.o(.emb_text)
    SVC_Table                                0x080002b4   Data           0  bsp.o(.emb_text)
    .text                                    0x080002cc   Section       56  stm32f10x.o(.text)
    .text                                    0x08000304   Section        0  stm32_init.o(.text)
    stm32_UsartSetup                         0x08000305   Thumb Code   286  stm32_init.o(.text)
    stm32_TimerSetup                         0x080004b1   Thumb Code   132  stm32_init.o(.text)
    .text                                    0x08000568   Section        0  ballplatemain.o(.text)
    printHello                               0x08000569   Thumb Code    56  ballplatemain.o(.text)
    .text                                    0x08000708   Section        0  controller.o(.text)
    .text                                    0x08000ea4   Section        0  bsp.o(.text)
    .text                                    0x08000fa8   Section        0  auxsiocomm.o(.text)
    .text                                    0x080012e0   Section        0  utility.o(.text)
    .text                                    0x0800172c   Section        0  ballplatekflib.o(.text)
    .text                                    0x08001af0   Section        0  stm32f10x_rcc.o(.text)
    .text                                    0x08001e94   Section        0  basicio.o(.text)
    .text                                    0x08002070   Section        0  _sprintf.o(.text)
    .text                                    0x0800209c   Section      100  rt_memcpy_w.o(.text)
    .text                                    0x08002100   Section        0  heapauxi.o(.text)
    .text                                    0x08002106   Section        0  _rserrno.o(.text)
    .text                                    0x0800211c   Section        0  _printf_pad.o(.text)
    .text                                    0x0800216e   Section        0  _printf_truncate.o(.text)
    .text                                    0x08002192   Section        0  _printf_str.o(.text)
    .text                                    0x080021e4   Section        0  _printf_dec.o(.text)
    .text                                    0x0800225c   Section        0  _printf_charcount.o(.text)
    .text                                    0x08002288   Section        0  _printf_char_common.o(.text)
    _printf_input_char                       0x08002289   Thumb Code    10  _printf_char_common.o(.text)
    .text                                    0x080022b8   Section        0  _sputc.o(.text)
    .text                                    0x080022c4   Section        0  _printf_wctomb.o(.text)
    .text                                    0x08002380   Section        0  _printf_longlong_dec.o(.text)
    .text                                    0x080023f8   Section        0  _printf_oct_int_ll.o(.text)
    _printf_longlong_oct_internal            0x080023f9   Thumb Code     0  _printf_oct_int_ll.o(.text)
    .text                                    0x08002470   Section        0  _printf_hex_int_ll_ptr.o(.text)
    _printf_hex_common                       0x08002471   Thumb Code     0  _printf_hex_int_ll_ptr.o(.text)
    .text                                    0x0800250c   Section        0  __printf_flags_ss_wp.o(.text)
    .text                                    0x08002698   Section        8  rt_errno_addr_intlibspace.o(.text)
    .text                                    0x080026a0   Section      138  lludiv10.o(.text)
    .text                                    0x0800272a   Section        0  _printf_intcommon.o(.text)
    .text                                    0x080027e2   Section        0  _printf_char.o(.text)
    .text                                    0x0800280e   Section        0  _printf_wchar.o(.text)
    .text                                    0x0800283a   Section        0  _wcrtomb.o(.text)
    .text                                    0x0800287c   Section        8  libspace.o(.text)
    .text                                    0x08002884   Section       74  sys_stackheap_outer.o(.text)
    .text                                    0x080028d0   Section       16  rt_ctype_table.o(.text)
    .text                                    0x080028e0   Section        0  exit.o(.text)
    .text                                    0x080028ec   Section        8  rt_locale_intlibspace.o(.text)
    .text                                    0x080028f4   Section      128  strcmpv7m.o(.text)
    i.__ARM_fpclassify                       0x08002974   Section        0  fpclassify.o(i.__ARM_fpclassify)
    i.__ieee754_rem_pio2                     0x0800299c   Section        0  rred.o(i.__ieee754_rem_pio2)
    i.__kernel_cos                           0x08002d24   Section        0  cos_i.o(i.__kernel_cos)
    i.__kernel_poly                          0x08002e20   Section        0  poly.o(i.__kernel_poly)
    i.__kernel_sin                           0x08002ecc   Section        0  sin_i.o(i.__kernel_sin)
    i.__mathlib_dbl_underflow                0x08002fb8   Section        0  dunder.o(i.__mathlib_dbl_underflow)
    i._is_digit                              0x08002fc8   Section        0  __printf_wp.o(i._is_digit)
    i.cos                                    0x08002fd8   Section        0  cos.o(i.cos)
    locale$$code                             0x08003084   Section       44  lc_ctype_c.o(locale$$code)
    x$fpl$d2f                                0x080030b0   Section       98  d2f.o(x$fpl$d2f)
    x$fpl$dadd                               0x08003114   Section      336  daddsub_clz.o(x$fpl$dadd)
    _dadd1                                   0x08003125   Thumb Code     0  daddsub_clz.o(x$fpl$dadd)
    x$fpl$dcheck1                            0x08003264   Section       16  dcheck1.o(x$fpl$dcheck1)
    x$fpl$dcmpinf                            0x08003274   Section       24  dcmpi.o(x$fpl$dcmpinf)
    x$fpl$ddiv                               0x0800328c   Section      688  ddiv.o(x$fpl$ddiv)
    ddiv_entry                               0x08003293   Thumb Code     0  ddiv.o(x$fpl$ddiv)
    x$fpl$dfix                               0x0800353c   Section       94  dfix.o(x$fpl$dfix)
    x$fpl$dflt                               0x0800359a   Section       46  dflt_clz.o(x$fpl$dflt)
    x$fpl$dfltu                              0x080035c8   Section       38  dflt_clz.o(x$fpl$dfltu)
    x$fpl$dleqf                              0x080035f0   Section      120  dleqf.o(x$fpl$dleqf)
    x$fpl$dmul                               0x08003668   Section      340  dmul.o(x$fpl$dmul)
    x$fpl$dnaninf                            0x080037bc   Section      156  dnaninf.o(x$fpl$dnaninf)
    x$fpl$dretinf                            0x08003858   Section       12  dretinf.o(x$fpl$dretinf)
    x$fpl$drleqf                             0x08003864   Section      108  drleqf.o(x$fpl$drleqf)
    x$fpl$drsb                               0x080038d0   Section       22  daddsub_clz.o(x$fpl$drsb)
    x$fpl$dsub                               0x080038e8   Section      468  daddsub_clz.o(x$fpl$dsub)
    _dsub1                                   0x080038f9   Thumb Code     0  daddsub_clz.o(x$fpl$dsub)
    x$fpl$f2d                                0x08003abc   Section       86  f2d.o(x$fpl$f2d)
    x$fpl$fadd                               0x08003b14   Section      196  faddsub_clz.o(x$fpl$fadd)
    _fadd1                                   0x08003b23   Thumb Code     0  faddsub_clz.o(x$fpl$fadd)
    x$fpl$fdiv                               0x08003bd8   Section      388  fdiv.o(x$fpl$fdiv)
    _fdiv1                                   0x08003bd9   Thumb Code     0  fdiv.o(x$fpl$fdiv)
    x$fpl$ffix                               0x08003d5c   Section       54  ffix.o(x$fpl$ffix)
    x$fpl$fflt                               0x08003d94   Section       48  fflt_clz.o(x$fpl$fflt)
    x$fpl$fmul                               0x08003dc4   Section      258  fmul.o(x$fpl$fmul)
    x$fpl$fnaninf                            0x08003ec6   Section      140  fnaninf.o(x$fpl$fnaninf)
    x$fpl$fretinf                            0x08003f52   Section       10  fretinf.o(x$fpl$fretinf)
    x$fpl$frsb                               0x08003f5c   Section       20  faddsub_clz.o(x$fpl$frsb)
    x$fpl$fsub                               0x08003f70   Section      234  faddsub_clz.o(x$fpl$fsub)
    _fsub1                                   0x08003f7f   Thumb Code     0  faddsub_clz.o(x$fpl$fsub)
    x$fpl$retnan                             0x0800405a   Section      100  retnan.o(x$fpl$retnan)
    x$fpl$scalbn                             0x080040be   Section       92  scalbn.o(x$fpl$scalbn)
    x$fpl$trapveneer                         0x0800411a   Section       48  trapv.o(x$fpl$trapveneer)
    x$fpl$usenofp                            0x0800414a   Section        0  usenofp.o(x$fpl$usenofp)
    .constdata                               0x0800414c   Section      136  ballplatemain.o(.constdata)
    ssModel                                  0x0800414c   Data         136  ballplatemain.o(.constdata)
    .constdata                               0x080041d4   Section       40  basicio.o(.constdata)
    .constdata                               0x080041fc   Section        8  _printf_wctomb.o(.constdata)
    initial_mbstate                          0x080041fc   Data           8  _printf_wctomb.o(.constdata)
    .constdata                               0x08004204   Section       40  _printf_hex_int_ll_ptr.o(.constdata)
    uc_hextab                                0x08004204   Data          20  _printf_hex_int_ll_ptr.o(.constdata)
    lc_hextab                                0x08004218   Data          20  _printf_hex_int_ll_ptr.o(.constdata)
    .constdata                               0x0800422c   Section       17  __printf_flags_ss_wp.o(.constdata)
    maptable                                 0x0800422c   Data          17  __printf_flags_ss_wp.o(.constdata)
    .constdata                               0x08004240   Section       48  cos_i.o(.constdata)
    C                                        0x08004240   Data          48  cos_i.o(.constdata)
    .constdata                               0x08004270   Section      200  rred.o(.constdata)
    pio2s                                    0x08004270   Data          48  rred.o(.constdata)
    twooverpi                                0x080042a0   Data         152  rred.o(.constdata)
    .constdata                               0x08004338   Section       40  sin_i.o(.constdata)
    S                                        0x08004338   Data          40  sin_i.o(.constdata)
    locale$$data                             0x08004380   Section      272  lc_ctype_c.o(locale$$data)
    __lcctype_c_name                         0x08004384   Data           2  lc_ctype_c.o(locale$$data)
    __lcctype_c_start                        0x0800438c   Data           0  lc_ctype_c.o(locale$$data)
    __lcctype_c_end                          0x08004490   Data           0  lc_ctype_c.o(locale$$data)
    .data                                    0x20000000   Section      705  ballplatemain.o(.data)
    xAxis                                    0x20000000   Data         352  ballplatemain.o(.data)
    yAxis                                    0x20000160   Data         352  ballplatemain.o(.data)
    .data                                    0x200002c4   Section       12  controller.o(.data)
    kSampleIndex                             0x200002c4   Data           4  controller.o(.data)
    xEstError                                0x200002c8   Data           4  controller.o(.data)
    yEstError                                0x200002cc   Data           4  controller.o(.data)
    .data                                    0x200002d0   Section       20  stm32f10x_rcc.o(.data)
    APBAHBPrescTable                         0x200002d0   Data          16  stm32f10x_rcc.o(.data)
    ADCPrescTable                            0x200002e0   Data           4  stm32f10x_rcc.o(.data)
    .data                                    0x200002e4   Section        1  basicio.o(.data)
    LED_Status                               0x200002e4   Data           1  basicio.o(.data)
    .bss                                     0x200002e8   Section       32  controller.o(.bss)
    auxSIORxBuf                              0x200002e8   Data          32  controller.o(.bss)
    .bss                                     0x20000308   Section       96  libspace.o(.bss)
    HEAP                                     0x20000368   Section        0  stm32f10x.o(HEAP)
    STACK                                    0x20000368   Section      768  stm32f10x.o(STACK)
    Heap_Mem                                 0x20000368   Data           0  stm32f10x.o(HEAP)
    Stack_Mem                                0x20000368   Data         768  stm32f10x.o(STACK)
    __initial_sp                             0x20000668   Data           0  stm32f10x.o(STACK)

    Global Symbols

    Symbol Name                              Value     Ov Type        Size  Object(Section)

    BuildAttributes$$THM_ISAv4$P$D$K$B$S$PE$A:L22UL41UL21$X:L11$S22US41US21$IEEE1$IW$USESV6$~STKCKD$USESV7$~SHL$OTIME$ROPI$IEEEX$EBA8$UX$STANDARDLIB$REQ8$PRES8$EABIv2 0x00000000   Number         0  anon$$obj.o ABSOLUTE
    __ARM_use_no_argv                        0x00000000   Number         0  ballplatemain.o ABSOLUTE
    _printf_flags                            0x00000000   Number         0  printf_stubs.o ABSOLUTE
    _printf_return_value                     0x00000000   Number         0  printf_stubs.o ABSOLUTE
    _printf_sizespec                         0x00000000   Number         0  printf_stubs.o ABSOLUTE
    _printf_widthprec                        0x00000000   Number         0  printf_stubs.o ABSOLUTE
    __ARM_exceptions_init                     - Undefined Weak Reference
    __alloca_initialize                       - Undefined Weak Reference
    __cpp_initialize__aeabi_                  - Undefined Weak Reference
    __cxa_finalize                            - Undefined Weak Reference
    __sigvec_lookup                           - Undefined Weak Reference
    _atexit_init                              - Undefined Weak Reference
    _call_atexit_fns                          - Undefined Weak Reference
    _clock_init                               - Undefined Weak Reference
    _fp_trap_init                             - Undefined Weak Reference
    _fp_trap_shutdown                         - Undefined Weak Reference
    _get_lc_collate                           - Undefined Weak Reference
    _get_lc_monetary                          - Undefined Weak Reference
    _get_lc_numeric                           - Undefined Weak Reference
    _get_lc_time                              - Undefined Weak Reference
    _getenv_init                              - Undefined Weak Reference
    _handle_redirection                       - Undefined Weak Reference
    _init_alloc                               - Undefined Weak Reference
    _init_user_alloc                          - Undefined Weak Reference
    _initio                                   - Undefined Weak Reference
    _printf_fp_dec                            - Undefined Weak Reference
    _printf_fp_hex                            - Undefined Weak Reference
    _printf_mbtowc                            - Undefined Weak Reference
    _printf_wc                                - Undefined Weak Reference
    _rand_init                                - Undefined Weak Reference
    _signal_finish                            - Undefined Weak Reference
    _signal_init                              - Undefined Weak Reference
    _terminate_alloc                          - Undefined Weak Reference
    _terminate_user_alloc                     - Undefined Weak Reference
    _terminateio                              - Undefined Weak Reference
    __Vectors                                0x08000000   Data           4  stm32f10x.o(RESET)
    __main                                   0x080000ed   Thumb Code     8  __main.o(!!!main)
    __scatterload                            0x080000f5   Thumb Code     0  __scatter.o(!!!scatter)
    __scatterload_rt2                        0x080000f5   Thumb Code    44  __scatter.o(!!!scatter)
    __scatterload_rt2_thumb_only             0x080000f5   Thumb Code     0  __scatter.o(!!!scatter)
    __scatterload_null                       0x08000103   Thumb Code     0  __scatter.o(!!!scatter)
    __decompress                             0x08000129   Thumb Code    90  __dczerorl2.o(!!dczerorl2)
    __decompress1                            0x08000129   Thumb Code     0  __dczerorl2.o(!!dczerorl2)
    __scatterload_zeroinit                   0x08000185   Thumb Code    28  __scatter_zi.o(!!handler_zi)
    _printf_n                                0x080001a1   Thumb Code     0  _printf_n.o(.ARM.Collect$$_printf_percent$$00000001)
    _printf_percent                          0x080001a1   Thumb Code     0  _printf_percent.o(.ARM.Collect$$_printf_percent$$00000000)
    _printf_p                                0x080001a7   Thumb Code     0  _printf_p.o(.ARM.Collect$$_printf_percent$$00000002)
    _printf_f                                0x080001ad   Thumb Code     0  _printf_f.o(.ARM.Collect$$_printf_percent$$00000003)
    _printf_e                                0x080001b3   Thumb Code     0  _printf_e.o(.ARM.Collect$$_printf_percent$$00000004)
    _printf_g                                0x080001b9   Thumb Code     0  _printf_g.o(.ARM.Collect$$_printf_percent$$00000005)
    _printf_a                                0x080001bf   Thumb Code     0  _printf_a.o(.ARM.Collect$$_printf_percent$$00000006)
    _printf_ll                               0x080001c5   Thumb Code     0  _printf_ll.o(.ARM.Collect$$_printf_percent$$00000007)
    _printf_i                                0x080001cf   Thumb Code     0  _printf_i.o(.ARM.Collect$$_printf_percent$$00000008)
    _printf_d                                0x080001d5   Thumb Code     0  _printf_d.o(.ARM.Collect$$_printf_percent$$00000009)
    _printf_u                                0x080001db   Thumb Code     0  _printf_u.o(.ARM.Collect$$_printf_percent$$0000000A)
    _printf_o                                0x080001e1   Thumb Code     0  _printf_o.o(.ARM.Collect$$_printf_percent$$0000000B)
    _printf_x                                0x080001e7   Thumb Code     0  _printf_x.o(.ARM.Collect$$_printf_percent$$0000000C)
    _printf_lli                              0x080001ed   Thumb Code     0  _printf_lli.o(.ARM.Collect$$_printf_percent$$0000000D)
    _printf_lld                              0x080001f3   Thumb Code     0  _printf_lld.o(.ARM.Collect$$_printf_percent$$0000000E)
    _printf_llu                              0x080001f9   Thumb Code     0  _printf_llu.o(.ARM.Collect$$_printf_percent$$0000000F)
    _printf_llo                              0x080001ff   Thumb Code     0  _printf_llo.o(.ARM.Collect$$_printf_percent$$00000010)
    _printf_llx                              0x08000205   Thumb Code     0  _printf_llx.o(.ARM.Collect$$_printf_percent$$00000011)
    _printf_l                                0x0800020b   Thumb Code     0  _printf_l.o(.ARM.Collect$$_printf_percent$$00000012)
    _printf_c                                0x08000215   Thumb Code     0  _printf_c.o(.ARM.Collect$$_printf_percent$$00000013)
    _printf_s                                0x0800021b   Thumb Code     0  _printf_s.o(.ARM.Collect$$_printf_percent$$00000014)
    _printf_lc                               0x08000221   Thumb Code     0  _printf_lc.o(.ARM.Collect$$_printf_percent$$00000015)
    _printf_ls                               0x08000227   Thumb Code     0  _printf_ls.o(.ARM.Collect$$_printf_percent$$00000016)
    _printf_percent_end                      0x0800022d   Thumb Code     0  _printf_percent_end.o(.ARM.Collect$$_printf_percent$$00000017)
    __rt_lib_init                            0x08000231   Thumb Code     0  libinit.o(.ARM.Collect$$libinit$$00000000)
    __rt_lib_init_fp_1                       0x08000233   Thumb Code     0  libinit2.o(.ARM.Collect$$libinit$$00000002)
    __rt_lib_init_heap_1                     0x08000233   Thumb Code     0  libinit2.o(.ARM.Collect$$libinit$$00000008)
    __rt_lib_init_lc_common                  0x08000233   Thumb Code     0  libinit2.o(.ARM.Collect$$libinit$$0000000D)
    __rt_lib_init_rand_1                     0x08000233   Thumb Code     0  libinit2.o(.ARM.Collect$$libinit$$0000000C)
    __rt_lib_init_user_alloc_1               0x08000233   Thumb Code     0  libinit2.o(.ARM.Collect$$libinit$$0000000A)
    __rt_lib_init_lc_collate_1               0x08000239   Thumb Code     0  libinit2.o(.ARM.Collect$$libinit$$0000000F)
    __rt_lib_init_lc_ctype_2                 0x08000239   Thumb Code     0  libinit2.o(.ARM.Collect$$libinit$$00000010)
    __rt_lib_init_alloca_1                   0x08000245   Thumb Code     0  libinit2.o(.ARM.Collect$$libinit$$0000002C)
    __rt_lib_init_argv_1                     0x08000245   Thumb Code     0  libinit2.o(.ARM.Collect$$libinit$$0000002A)
    __rt_lib_init_atexit_1                   0x08000245   Thumb Code     0  libinit2.o(.ARM.Collect$$libinit$$00000019)
    __rt_lib_init_clock_1                    0x08000245   Thumb Code     0  libinit2.o(.ARM.Collect$$libinit$$0000001F)
    __rt_lib_init_cpp_1                      0x08000245   Thumb Code     0  libinit2.o(.ARM.Collect$$libinit$$00000030)
    __rt_lib_init_exceptions_1               0x08000245   Thumb Code     0  libinit2.o(.ARM.Collect$$libinit$$0000002E)
    __rt_lib_init_fp_trap_1                  0x08000245   Thumb Code     0  libinit2.o(.ARM.Collect$$libinit$$0000001D)
    __rt_lib_init_getenv_1                   0x08000245   Thumb Code     0  libinit2.o(.ARM.Collect$$libinit$$00000021)
    __rt_lib_init_lc_ctype_1                 0x08000245   Thumb Code     0  libinit2.o(.ARM.Collect$$libinit$$00000011)
    __rt_lib_init_lc_monetary_1              0x08000245   Thumb Code     0  libinit2.o(.ARM.Collect$$libinit$$00000013)
    __rt_lib_init_lc_numeric_1               0x08000245   Thumb Code     0  libinit2.o(.ARM.Collect$$libinit$$00000015)
    __rt_lib_init_lc_time_1                  0x08000245   Thumb Code     0  libinit2.o(.ARM.Collect$$libinit$$00000017)
    __rt_lib_init_return                     0x08000245   Thumb Code     0  libinit2.o(.ARM.Collect$$libinit$$00000031)
    __rt_lib_init_signal_1                   0x08000245   Thumb Code     0  libinit2.o(.ARM.Collect$$libinit$$0000001B)
    __rt_lib_init_stdio_1                    0x08000245   Thumb Code     0  libinit2.o(.ARM.Collect$$libinit$$00000023)
    __rt_lib_shutdown                        0x08000247   Thumb Code     0  libshutdown.o(.ARM.Collect$$libshutdown$$00000000)
    __rt_lib_shutdown_fp_trap_1              0x08000249   Thumb Code     0  libshutdown2.o(.ARM.Collect$$libshutdown$$00000006)
    __rt_lib_shutdown_heap_1                 0x08000249   Thumb Code     0  libshutdown2.o(.ARM.Collect$$libshutdown$$0000000E)
    __rt_lib_shutdown_return                 0x08000249   Thumb Code     0  libshutdown2.o(.ARM.Collect$$libshutdown$$0000000F)
    __rt_lib_shutdown_signal_1               0x08000249   Thumb Code     0  libshutdown2.o(.ARM.Collect$$libshutdown$$00000009)
    __rt_lib_shutdown_stdio_1                0x08000249   Thumb Code     0  libshutdown2.o(.ARM.Collect$$libshutdown$$00000003)
    __rt_lib_shutdown_user_alloc_1           0x08000249   Thumb Code     0  libshutdown2.o(.ARM.Collect$$libshutdown$$0000000B)
    __rt_entry                               0x0800024b   Thumb Code     0  rtentry.o(.ARM.Collect$$rtentry$$00000000)
    __rt_entry_presh_1                       0x0800024b   Thumb Code     0  rtentry2.o(.ARM.Collect$$rtentry$$00000002)
    __rt_entry_sh                            0x0800024b   Thumb Code     0  rtentry4.o(.ARM.Collect$$rtentry$$00000004)
    __rt_entry_li                            0x08000251   Thumb Code     0  rtentry2.o(.ARM.Collect$$rtentry$$0000000A)
    __rt_entry_postsh_1                      0x08000251   Thumb Code     0  rtentry2.o(.ARM.Collect$$rtentry$$00000009)
    __rt_entry_main                          0x08000255   Thumb Code     0  rtentry2.o(.ARM.Collect$$rtentry$$0000000D)
    __rt_entry_postli_1                      0x08000255   Thumb Code     0  rtentry2.o(.ARM.Collect$$rtentry$$0000000C)
    __rt_exit                                0x0800025d   Thumb Code     0  rtexit.o(.ARM.Collect$$rtexit$$00000000)
    __rt_exit_ls                             0x0800025f   Thumb Code     0  rtexit2.o(.ARM.Collect$$rtexit$$00000003)
    __rt_exit_prels_1                        0x0800025f   Thumb Code     0  rtexit2.o(.ARM.Collect$$rtexit$$00000002)
    __rt_exit_exit                           0x08000263   Thumb Code     0  rtexit2.o(.ARM.Collect$$rtexit$$00000004)
    SVC_Handler                              0x08000269   Thumb Code    92  bsp.o(.emb_text)
    Reset_Handler                            0x080002cd   Thumb Code     4  stm32f10x.o(.text)
    get_pc_from_intstack                     0x080002d1   Thumb Code     4  stm32f10x.o(.text)
    NMI_Handler                              0x080002d5   Thumb Code     2  stm32f10x.o(.text)
    MemManage_Handler                        0x080002d9   Thumb Code     2  stm32f10x.o(.text)
    BusFault_Handler                         0x080002db   Thumb Code     2  stm32f10x.o(.text)
    UsageFault_Handler                       0x080002dd   Thumb Code     2  stm32f10x.o(.text)
    DebugMon_Handler                         0x080002e1   Thumb Code     2  stm32f10x.o(.text)
    OS_CPU_PendSVHandler                     0x080002e3   Thumb Code     2  stm32f10x.o(.text)
    OS_CPU_SysTickHandler                    0x080002e5   Thumb Code     2  stm32f10x.o(.text)
    ADC_IRQHandler                           0x080002e7   Thumb Code     0  stm32f10x.o(.text)
    CAN_RX1_IRQHandler                       0x080002e7   Thumb Code     0  stm32f10x.o(.text)
    CAN_SCE_IRQHandler                       0x080002e7   Thumb Code     0  stm32f10x.o(.text)
    DMAChannel1_IRQHandler                   0x080002e7   Thumb Code     0  stm32f10x.o(.text)
    DMAChannel2_IRQHandler                   0x080002e7   Thumb Code     0  stm32f10x.o(.text)
    DMAChannel3_IRQHandler                   0x080002e7   Thumb Code     0  stm32f10x.o(.text)
    DMAChannel4_IRQHandler                   0x080002e7   Thumb Code     0  stm32f10x.o(.text)
    DMAChannel5_IRQHandler                   0x080002e7   Thumb Code     0  stm32f10x.o(.text)
    DMAChannel6_IRQHandler                   0x080002e7   Thumb Code     0  stm32f10x.o(.text)
    DMAChannel7_IRQHandler                   0x080002e7   Thumb Code     0  stm32f10x.o(.text)
    EXTI0_IRQHandler                         0x080002e7   Thumb Code     0  stm32f10x.o(.text)
    EXTI15_10_IRQHandler                     0x080002e7   Thumb Code     0  stm32f10x.o(.text)
    EXTI1_IRQHandler                         0x080002e7   Thumb Code     0  stm32f10x.o(.text)
    EXTI2_IRQHandler                         0x080002e7   Thumb Code     0  stm32f10x.o(.text)
    EXTI3_IRQHandler                         0x080002e7   Thumb Code     0  stm32f10x.o(.text)
    EXTI4_IRQHandler                         0x080002e7   Thumb Code     0  stm32f10x.o(.text)
    EXTI9_5_IRQHandler                       0x080002e7   Thumb Code     0  stm32f10x.o(.text)
    FLASH_IRQHandler                         0x080002e7   Thumb Code     0  stm32f10x.o(.text)
    I2C1_ER_IRQHandler                       0x080002e7   Thumb Code     0  stm32f10x.o(.text)
    I2C1_EV_IRQHandler                       0x080002e7   Thumb Code     0  stm32f10x.o(.text)
    I2C2_ER_IRQHandler                       0x080002e7   Thumb Code     0  stm32f10x.o(.text)
    I2C2_EV_IRQHandler                       0x080002e7   Thumb Code     0  stm32f10x.o(.text)
    PVD_IRQHandler                           0x080002e7   Thumb Code     0  stm32f10x.o(.text)
    RCC_IRQHandler                           0x080002e7   Thumb Code     0  stm32f10x.o(.text)
    RTCAlarm_IRQHandler                      0x080002e7   Thumb Code     0  stm32f10x.o(.text)
    RTC_IRQHandler                           0x080002e7   Thumb Code     0  stm32f10x.o(.text)
    SPI1_IRQHandler                          0x080002e7   Thumb Code     0  stm32f10x.o(.text)
    SPI2_IRQHandler                          0x080002e7   Thumb Code     0  stm32f10x.o(.text)
    TAMPER_IRQHandler                        0x080002e7   Thumb Code     0  stm32f10x.o(.text)
    TIM1_BRK_IRQHandler                      0x080002e7   Thumb Code     0  stm32f10x.o(.text)
    TIM1_CC_IRQHandler                       0x080002e7   Thumb Code     0  stm32f10x.o(.text)
    TIM1_TRG_COM_IRQHandler                  0x080002e7   Thumb Code     0  stm32f10x.o(.text)
    TIM1_UP_IRQHandler                       0x080002e7   Thumb Code     0  stm32f10x.o(.text)
    TIM2_IRQHandler                          0x080002e7   Thumb Code     0  stm32f10x.o(.text)
    TIM3_IRQHandler                          0x080002e7   Thumb Code     0  stm32f10x.o(.text)
    TIM4_IRQHandler                          0x080002e7   Thumb Code     0  stm32f10x.o(.text)
    USART1_IRQHandler                        0x080002e7   Thumb Code     0  stm32f10x.o(.text)
    USART2_IRQHandler                        0x080002e7   Thumb Code     0  stm32f10x.o(.text)
    USART3_IRQHandler                        0x080002e7   Thumb Code     0  stm32f10x.o(.text)
    USBWakeUp_IRQHandler                     0x080002e7   Thumb Code     0  stm32f10x.o(.text)
    USB_HP_CAN_TX_IRQHandler                 0x080002e7   Thumb Code     0  stm32f10x.o(.text)
    USB_LP_CAN_RX0_IRQHandler                0x080002e7   Thumb Code     0  stm32f10x.o(.text)
    WWDG_IRQHandler                          0x080002e7   Thumb Code     0  stm32f10x.o(.text)
    __user_initial_stackheap                 0x080002e9   Thumb Code     0  stm32f10x.o(.text)
    stm32_Init                               0x08000423   Thumb Code   134  stm32_init.o(.text)
    stm32_GetPCLK1                           0x080004a9   Thumb Code     4  stm32_init.o(.text)
    stm32_GetPCLK2                           0x080004ad   Thumb Code     4  stm32_init.o(.text)
    main                                     0x080005a1   Thumb Code    96  ballplatemain.o(.text)
    StateController                          0x08000709   Thumb Code   396  controller.o(.text)
    StateObserver                            0x08000895   Thumb Code   542  controller.o(.text)
    controlLoop                              0x08000ab3   Thumb Code   926  controller.o(.text)
    BSP_SetLED                               0x08000ea5   Thumb Code     8  bsp.o(.text)
    BSP_TurnOnOffLED                         0x08000ead   Thumb Code    20  bsp.o(.text)
    BSP_SetEXTIPR                            0x08000ec1   Thumb Code     6  bsp.o(.text)
    BSP_GetEXTIPR                            0x08000ec7   Thumb Code     6  bsp.o(.text)
    _aux_putch                               0x08000ecd   Thumb Code    22  bsp.o(.text)
    _aux_getch                               0x08000ee3   Thumb Code    22  bsp.o(.text)
    _putch                                   0x08000ef9   Thumb Code    22  bsp.o(.text)
    _getch                                   0x08000f0f   Thumb Code    22  bsp.o(.text)
    _keyhit                                  0x08000f25   Thumb Code    24  bsp.o(.text)
    fputc                                    0x08000f3d   Thumb Code    14  bsp.o(.text)
    fgetc                                    0x08000f4b   Thumb Code    16  bsp.o(.text)
    _ttywrch                                 0x08000f5b   Thumb Code    12  bsp.o(.text)
    ferror                                   0x08000f67   Thumb Code     8  bsp.o(.text)
    _sys_exit                                0x08000f6f   Thumb Code     4  bsp.o(.text)
    BSP_Init                                 0x08000f73   Thumb Code     8  bsp.o(.text)
    BSP_CPU_ClkFreq                          0x08000f7b   Thumb Code    16  bsp.o(.text)
    OS_CPU_SysTickClkFreq                    0x08000f8b   Thumb Code    12  bsp.o(.text)
    receiveMeasurements                      0x08000fa9   Thumb Code   214  auxsiocomm.o(.text)
    checkReceivedOK                          0x0800107f   Thumb Code    90  auxsiocomm.o(.text)
    sendLogFloat                             0x080010d9   Thumb Code   126  auxsiocomm.o(.text)
    sendLogShort                             0x08001157   Thumb Code   120  auxsiocomm.o(.text)
    sendLogData                              0x080011cf   Thumb Code   264  auxsiocomm.o(.text)
    setPWMSignalAngle                        0x080012e1   Thumb Code   120  utility.o(.text)
    initSystem                               0x08001359   Thumb Code    72  utility.o(.text)
    commandInterpreter                       0x080013a1   Thumb Code   200  utility.o(.text)
    print_float                              0x08001469   Thumb Code   104  utility.o(.text)
    print_TwoFloat                           0x080014d1   Thumb Code    32  utility.o(.text)
    HardFault_Handler                        0x080014f1   Thumb Code    90  utility.o(.text)
    delay                                    0x0800154b   Thumb Code    12  utility.o(.text)
    KFcomputeFMat                            0x0800172d   Thumb Code   192  ballplatekflib.o(.text)
    KFcomputeGMat                            0x080017ed   Thumb Code   166  ballplatekflib.o(.text)
    KFpredictState                           0x08001893   Thumb Code   106  ballplatekflib.o(.text)
    KF_PTUPD                                 0x080018fd   Thumb Code   190  ballplatekflib.o(.text)
    KFcomputeKMat                            0x080019bb   Thumb Code    82  ballplatekflib.o(.text)
    KFcomputeCPCRinv                         0x08001a0d   Thumb Code    56  ballplatekflib.o(.text)
    KFcomputeKMat0                           0x08001a45   Thumb Code    40  ballplatekflib.o(.text)
    KF_PMUPD                                 0x08001a6d   Thumb Code    70  ballplatekflib.o(.text)
    KF_xMUPD                                 0x08001ab3   Thumb Code    58  ballplatekflib.o(.text)
    RCC_DeInit                               0x08001af1   Thumb Code    64  stm32f10x_rcc.o(.text)
    RCC_HSEConfig                            0x08001b31   Thumb Code    70  stm32f10x_rcc.o(.text)
    RCC_GetFlagStatus                        0x08001b77   Thumb Code    56  stm32f10x_rcc.o(.text)
    RCC_WaitForHSEStartUp                    0x08001baf   Thumb Code    56  stm32f10x_rcc.o(.text)
    RCC_AdjustHSICalibrationValue            0x08001be7   Thumb Code    20  stm32f10x_rcc.o(.text)
    RCC_HSICmd                               0x08001bfb   Thumb Code     6  stm32f10x_rcc.o(.text)
    RCC_PLLConfig                            0x08001c01   Thumb Code    24  stm32f10x_rcc.o(.text)
    RCC_PLLCmd                               0x08001c19   Thumb Code     6  stm32f10x_rcc.o(.text)
    RCC_SYSCLKConfig                         0x08001c1f   Thumb Code    18  stm32f10x_rcc.o(.text)
    RCC_GetSYSCLKSource                      0x08001c31   Thumb Code    10  stm32f10x_rcc.o(.text)
    RCC_HCLKConfig                           0x08001c3b   Thumb Code    18  stm32f10x_rcc.o(.text)
    RCC_PCLK1Config                          0x08001c4d   Thumb Code    18  stm32f10x_rcc.o(.text)
    RCC_PCLK2Config                          0x08001c5f   Thumb Code    20  stm32f10x_rcc.o(.text)
    RCC_ITConfig                             0x08001c73   Thumb Code    26  stm32f10x_rcc.o(.text)
    RCC_USBCLKConfig                         0x08001c8d   Thumb Code     6  stm32f10x_rcc.o(.text)
    RCC_ADCCLKConfig                         0x08001c93   Thumb Code    18  stm32f10x_rcc.o(.text)
    RCC_LSEConfig                            0x08001ca5   Thumb Code    44  stm32f10x_rcc.o(.text)
    RCC_LSICmd                               0x08001cd1   Thumb Code     6  stm32f10x_rcc.o(.text)
    RCC_RTCCLKConfig                         0x08001cd7   Thumb Code    12  stm32f10x_rcc.o(.text)
    RCC_RTCCLKCmd                            0x08001ce3   Thumb Code     8  stm32f10x_rcc.o(.text)
    RCC_GetClocksFreq                        0x08001ceb   Thumb Code   192  stm32f10x_rcc.o(.text)
    RCC_AHBPeriphClockCmd                    0x08001dab   Thumb Code    26  stm32f10x_rcc.o(.text)
    RCC_APB2PeriphClockCmd                   0x08001dc5   Thumb Code    26  stm32f10x_rcc.o(.text)
    RCC_APB1PeriphClockCmd                   0x08001ddf   Thumb Code    26  stm32f10x_rcc.o(.text)
    RCC_APB2PeriphResetCmd                   0x08001df9   Thumb Code    26  stm32f10x_rcc.o(.text)
    RCC_APB1PeriphResetCmd                   0x08001e13   Thumb Code    26  stm32f10x_rcc.o(.text)
    RCC_BackupResetCmd                       0x08001e2d   Thumb Code     8  stm32f10x_rcc.o(.text)
    RCC_ClockSecuritySystemCmd               0x08001e35   Thumb Code     6  stm32f10x_rcc.o(.text)
    RCC_MCOConfig                            0x08001e3b   Thumb Code     6  stm32f10x_rcc.o(.text)
    RCC_ClearFlag                            0x08001e41   Thumb Code    14  stm32f10x_rcc.o(.text)
    RCC_GetITStatus                          0x08001e4f   Thumb Code    20  stm32f10x_rcc.o(.text)
    RCC_ClearITPendingBit                    0x08001e63   Thumb Code     6  stm32f10x_rcc.o(.text)
    LED_on                                   0x08001e95   Thumb Code    34  basicio.o(.text)
    LED_off                                  0x08001eb7   Thumb Code    32  basicio.o(.text)
    print_string                             0x08001ed7   Thumb Code    22  basicio.o(.text)
    bin2ascii                                0x08001eed   Thumb Code    26  basicio.o(.text)
    print_hexbyte                            0x08001f07   Thumb Code    32  basicio.o(.text)
    print_hexbyteh                           0x08001f27   Thumb Code    18  basicio.o(.text)
    print_hex16                              0x08001f39   Thumb Code    24  basicio.o(.text)
    print_hex0x16                            0x08001f51   Thumb Code    18  basicio.o(.text)
    print_hex32                              0x08001f63   Thumb Code    18  basicio.o(.text)
    print_uint                               0x08001f75   Thumb Code    76  basicio.o(.text)
    print_int                                0x08001fc1   Thumb Code    30  basicio.o(.text)
    getint                                   0x08001fdf   Thumb Code    66  basicio.o(.text)
    asciitoint                               0x08002021   Thumb Code    66  basicio.o(.text)
    _sprintf                                 0x08002071   Thumb Code    38  _sprintf.o(.text)
    __aeabi_memcpy4                          0x0800209d   Thumb Code     0  rt_memcpy_w.o(.text)
    __aeabi_memcpy8                          0x0800209d   Thumb Code     0  rt_memcpy_w.o(.text)
    __rt_memcpy_w                            0x0800209d   Thumb Code   100  rt_memcpy_w.o(.text)
    _memcpy_lastbytes_aligned                0x080020e5   Thumb Code     0  rt_memcpy_w.o(.text)
    __use_two_region_memory                  0x08002101   Thumb Code     2  heapauxi.o(.text)
    __rt_heap_escrow$2region                 0x08002103   Thumb Code     2  heapauxi.o(.text)
    __rt_heap_expand$2region                 0x08002105   Thumb Code     2  heapauxi.o(.text)
    __read_errno                             0x08002107   Thumb Code    10  _rserrno.o(.text)
    __set_errno                              0x08002111   Thumb Code    12  _rserrno.o(.text)
    _printf_pre_padding                      0x0800211d   Thumb Code    46  _printf_pad.o(.text)
    _printf_post_padding                     0x0800214b   Thumb Code    36  _printf_pad.o(.text)
    _printf_truncate_signed                  0x0800216f   Thumb Code    18  _printf_truncate.o(.text)
    _printf_truncate_unsigned                0x08002181   Thumb Code    18  _printf_truncate.o(.text)
    _printf_str                              0x08002193   Thumb Code    82  _printf_str.o(.text)
    _printf_int_dec                          0x080021e5   Thumb Code   102  _printf_dec.o(.text)
    _printf_charcount                        0x0800225d   Thumb Code    42  _printf_charcount.o(.text)
    _printf_char_common                      0x08002293   Thumb Code    32  _printf_char_common.o(.text)
    _sputc                                   0x080022b9   Thumb Code    10  _sputc.o(.text)
    _printf_wctomb                           0x080022c5   Thumb Code   182  _printf_wctomb.o(.text)
    _printf_longlong_dec                     0x08002381   Thumb Code   104  _printf_longlong_dec.o(.text)
    _printf_longlong_oct                     0x080023f9   Thumb Code    76  _printf_oct_int_ll.o(.text)
    _printf_int_oct                          0x08002445   Thumb Code    24  _printf_oct_int_ll.o(.text)
    _printf_ll_oct                           0x0800245d   Thumb Code    12  _printf_oct_int_ll.o(.text)
    _printf_longlong_hex                     0x08002471   Thumb Code    92  _printf_hex_int_ll_ptr.o(.text)
    _printf_int_hex                          0x080024cd   Thumb Code    28  _printf_hex_int_ll_ptr.o(.text)
    _printf_ll_hex                           0x080024e9   Thumb Code    12  _printf_hex_int_ll_ptr.o(.text)
    _printf_hex_ptr                          0x080024f5   Thumb Code    18  _printf_hex_int_ll_ptr.o(.text)
    __printf                                 0x0800250d   Thumb Code   390  __printf_flags_ss_wp.o(.text)
    __aeabi_errno_addr                       0x08002699   Thumb Code     8  rt_errno_addr_intlibspace.o(.text)
    __errno$intlibspace                      0x08002699   Thumb Code     0  rt_errno_addr_intlibspace.o(.text)
    __rt_errno_addr$intlibspace              0x08002699   Thumb Code     0  rt_errno_addr_intlibspace.o(.text)
    _ll_udiv10                               0x080026a1   Thumb Code   138  lludiv10.o(.text)
    _printf_int_common                       0x0800272b   Thumb Code   184  _printf_intcommon.o(.text)
    _printf_cs_common                        0x080027e3   Thumb Code    20  _printf_char.o(.text)
    _printf_char                             0x080027f7   Thumb Code    16  _printf_char.o(.text)
    _printf_string                           0x08002807   Thumb Code     8  _printf_char.o(.text)
    _printf_lcs_common                       0x0800280f   Thumb Code    20  _printf_wchar.o(.text)
    _printf_wchar                            0x08002823   Thumb Code    16  _printf_wchar.o(.text)
    _printf_wstring                          0x08002833   Thumb Code     8  _printf_wchar.o(.text)
    _wcrtomb                                 0x0800283b   Thumb Code    64  _wcrtomb.o(.text)
    __user_libspace                          0x0800287d   Thumb Code     8  libspace.o(.text)
    __user_perproc_libspace                  0x0800287d   Thumb Code     0  libspace.o(.text)
    __user_perthread_libspace                0x0800287d   Thumb Code     0  libspace.o(.text)
    __user_setup_stackheap                   0x08002885   Thumb Code    74  sys_stackheap_outer.o(.text)
    __rt_ctype_table                         0x080028d1   Thumb Code    16  rt_ctype_table.o(.text)
    exit                                     0x080028e1   Thumb Code    12  exit.o(.text)
    __rt_locale                              0x080028ed   Thumb Code     8  rt_locale_intlibspace.o(.text)
    strcmp                                   0x080028f5   Thumb Code   128  strcmpv7m.o(.text)
    __ARM_fpclassify                         0x08002975   Thumb Code    40  fpclassify.o(i.__ARM_fpclassify)
    __ieee754_rem_pio2                       0x0800299d   Thumb Code   832  rred.o(i.__ieee754_rem_pio2)
    __kernel_cos                             0x08002d25   Thumb Code   230  cos_i.o(i.__kernel_cos)
    __kernel_poly                            0x08002e21   Thumb Code   170  poly.o(i.__kernel_poly)
    __kernel_sin                             0x08002ecd   Thumb Code   224  sin_i.o(i.__kernel_sin)
    __mathlib_dbl_underflow                  0x08002fb9   Thumb Code    10  dunder.o(i.__mathlib_dbl_underflow)
    _is_digit                                0x08002fc9   Thumb Code    14  __printf_wp.o(i._is_digit)
    cos                                      0x08002fd9   Thumb Code   164  cos.o(i.cos)
    _get_lc_ctype                            0x08003085   Thumb Code    44  lc_ctype_c.o(locale$$code)
    __aeabi_d2f                              0x080030b1   Thumb Code     0  d2f.o(x$fpl$d2f)
    _d2f                                     0x080030b1   Thumb Code    98  d2f.o(x$fpl$d2f)
    __aeabi_dadd                             0x08003115   Thumb Code     0  daddsub_clz.o(x$fpl$dadd)
    _dadd                                    0x08003115   Thumb Code   332  daddsub_clz.o(x$fpl$dadd)
    __fpl_dcheck_NaN1                        0x08003265   Thumb Code    10  dcheck1.o(x$fpl$dcheck1)
    __fpl_dcmp_Inf                           0x08003275   Thumb Code    24  dcmpi.o(x$fpl$dcmpinf)
    __aeabi_ddiv                             0x0800328d   Thumb Code     0  ddiv.o(x$fpl$ddiv)
    _ddiv                                    0x0800328d   Thumb Code   552  ddiv.o(x$fpl$ddiv)
    __aeabi_d2iz                             0x0800353d   Thumb Code     0  dfix.o(x$fpl$dfix)
    _dfix                                    0x0800353d   Thumb Code    94  dfix.o(x$fpl$dfix)
    __aeabi_i2d                              0x0800359b   Thumb Code     0  dflt_clz.o(x$fpl$dflt)
    _dflt                                    0x0800359b   Thumb Code    46  dflt_clz.o(x$fpl$dflt)
    __aeabi_ui2d                             0x080035c9   Thumb Code     0  dflt_clz.o(x$fpl$dfltu)
    _dfltu                                   0x080035c9   Thumb Code    38  dflt_clz.o(x$fpl$dfltu)
    __aeabi_cdcmple                          0x080035f1   Thumb Code     0  dleqf.o(x$fpl$dleqf)
    _dcmple                                  0x080035f1   Thumb Code   120  dleqf.o(x$fpl$dleqf)
    __fpl_dcmple_InfNaN                      0x08003653   Thumb Code     0  dleqf.o(x$fpl$dleqf)
    __aeabi_dmul                             0x08003669   Thumb Code     0  dmul.o(x$fpl$dmul)
    _dmul                                    0x08003669   Thumb Code   332  dmul.o(x$fpl$dmul)
    __fpl_dnaninf                            0x080037bd   Thumb Code   156  dnaninf.o(x$fpl$dnaninf)
    __fpl_dretinf                            0x08003859   Thumb Code    12  dretinf.o(x$fpl$dretinf)
    __aeabi_cdrcmple                         0x08003865   Thumb Code     0  drleqf.o(x$fpl$drleqf)
    _drcmple                                 0x08003865   Thumb Code   108  drleqf.o(x$fpl$drleqf)
    __aeabi_drsub                            0x080038d1   Thumb Code     0  daddsub_clz.o(x$fpl$drsb)
    _drsb                                    0x080038d1   Thumb Code    22  daddsub_clz.o(x$fpl$drsb)
    __aeabi_dsub                             0x080038e9   Thumb Code     0  daddsub_clz.o(x$fpl$dsub)
    _dsub                                    0x080038e9   Thumb Code   464  daddsub_clz.o(x$fpl$dsub)
    __aeabi_f2d                              0x08003abd   Thumb Code     0  f2d.o(x$fpl$f2d)
    _f2d                                     0x08003abd   Thumb Code    86  f2d.o(x$fpl$f2d)
    __aeabi_fadd                             0x08003b15   Thumb Code     0  faddsub_clz.o(x$fpl$fadd)
    _fadd                                    0x08003b15   Thumb Code   196  faddsub_clz.o(x$fpl$fadd)
    __aeabi_fdiv                             0x08003bd9   Thumb Code     0  fdiv.o(x$fpl$fdiv)
    _fdiv                                    0x08003bd9   Thumb Code   384  fdiv.o(x$fpl$fdiv)
    __aeabi_f2iz                             0x08003d5d   Thumb Code     0  ffix.o(x$fpl$ffix)
    _ffix                                    0x08003d5d   Thumb Code    54  ffix.o(x$fpl$ffix)
    __aeabi_i2f                              0x08003d95   Thumb Code     0  fflt_clz.o(x$fpl$fflt)
    _fflt                                    0x08003d95   Thumb Code    48  fflt_clz.o(x$fpl$fflt)
    __aeabi_fmul                             0x08003dc5   Thumb Code     0  fmul.o(x$fpl$fmul)
    _fmul                                    0x08003dc5   Thumb Code   258  fmul.o(x$fpl$fmul)
    __fpl_fnaninf                            0x08003ec7   Thumb Code   140  fnaninf.o(x$fpl$fnaninf)
    __fpl_fretinf                            0x08003f53   Thumb Code    10  fretinf.o(x$fpl$fretinf)
    __aeabi_frsub                            0x08003f5d   Thumb Code     0  faddsub_clz.o(x$fpl$frsb)
    _frsb                                    0x08003f5d   Thumb Code    20  faddsub_clz.o(x$fpl$frsb)
    __aeabi_fsub                             0x08003f71   Thumb Code     0  faddsub_clz.o(x$fpl$fsub)
    _fsub                                    0x08003f71   Thumb Code   234  faddsub_clz.o(x$fpl$fsub)
    __fpl_return_NaN                         0x0800405b   Thumb Code   100  retnan.o(x$fpl$retnan)
    __ARM_scalbn                             0x080040bf   Thumb Code    92  scalbn.o(x$fpl$scalbn)
    __fpl_cmpreturn                          0x0800411b   Thumb Code    48  trapv.o(x$fpl$trapveneer)
    __I$use$fp                               0x0800414a   Number         0  usenofp.o(x$fpl$usenofp)
    Region$$Table$$Base                      0x08004360   Number         0  anon$$obj.o(Region$$Table)
    Region$$Table$$Limit                     0x08004380   Number         0  anon$$obj.o(Region$$Table)
    __ctype                                  0x0800438d   Data           0  lc_ctype_c.o(locale$$data)
    OpMode                                   0x200002c0   Data           1  ballplatemain.o(.data)
    __libspace_start                         0x20000308   Data          96  libspace.o(.bss)
    __temporary_stack_top$libspace           0x20000368   Data           0  libspace.o(.bss)



==============================================================================

Memory Map of the image

  Image Entry point : 0x080000ed

  Load Region LR_IROM1 (Base: 0x08000000, Size: 0x00004778, Max: 0x00020000, ABSOLUTE, COMPRESSED[0x000044b8])

    Execution Region ER_IROM1 (Base: 0x08000000, Size: 0x00004490, Max: 0x00020000, ABSOLUTE)

    Base Addr    Size         Type   Attr      Idx    E Section Name        Object

    0x08000000   0x000000ec   Data   RO            3    RESET               stm32f10x.o
    0x080000ec   0x00000008   Code   RO          431  * !!!main             c_w.l(__main.o)
    0x080000f4   0x00000034   Code   RO          805    !!!scatter          c_w.l(__scatter.o)
    0x08000128   0x0000005a   Code   RO          803    !!dczerorl2         c_w.l(__dczerorl2.o)
    0x08000182   0x00000002   PAD
    0x08000184   0x0000001c   Code   RO          807    !!handler_zi        c_w.l(__scatter_zi.o)
    0x080001a0   0x00000000   Code   RO          571    .ARM.Collect$$_printf_percent$$00000000  c_w.l(_printf_percent.o)
    0x080001a0   0x00000006   Code   RO          560    .ARM.Collect$$_printf_percent$$00000001  c_w.l(_printf_n.o)
    0x080001a6   0x00000006   Code   RO          562    .ARM.Collect$$_printf_percent$$00000002  c_w.l(_printf_p.o)
    0x080001ac   0x00000006   Code   RO          567    .ARM.Collect$$_printf_percent$$00000003  c_w.l(_printf_f.o)
    0x080001b2   0x00000006   Code   RO          568    .ARM.Collect$$_printf_percent$$00000004  c_w.l(_printf_e.o)
    0x080001b8   0x00000006   Code   RO          569    .ARM.Collect$$_printf_percent$$00000005  c_w.l(_printf_g.o)
    0x080001be   0x00000006   Code   RO          570    .ARM.Collect$$_printf_percent$$00000006  c_w.l(_printf_a.o)
    0x080001c4   0x0000000a   Code   RO          575    .ARM.Collect$$_printf_percent$$00000007  c_w.l(_printf_ll.o)
    0x080001ce   0x00000006   Code   RO          564    .ARM.Collect$$_printf_percent$$00000008  c_w.l(_printf_i.o)
    0x080001d4   0x00000006   Code   RO          565    .ARM.Collect$$_printf_percent$$00000009  c_w.l(_printf_d.o)
    0x080001da   0x00000006   Code   RO          566    .ARM.Collect$$_printf_percent$$0000000A  c_w.l(_printf_u.o)
    0x080001e0   0x00000006   Code   RO          563    .ARM.Collect$$_printf_percent$$0000000B  c_w.l(_printf_o.o)
    0x080001e6   0x00000006   Code   RO          561    .ARM.Collect$$_printf_percent$$0000000C  c_w.l(_printf_x.o)
    0x080001ec   0x00000006   Code   RO          572    .ARM.Collect$$_printf_percent$$0000000D  c_w.l(_printf_lli.o)
    0x080001f2   0x00000006   Code   RO          573    .ARM.Collect$$_printf_percent$$0000000E  c_w.l(_printf_lld.o)
    0x080001f8   0x00000006   Code   RO          574    .ARM.Collect$$_printf_percent$$0000000F  c_w.l(_printf_llu.o)
    0x080001fe   0x00000006   Code   RO          579    .ARM.Collect$$_printf_percent$$00000010  c_w.l(_printf_llo.o)
    0x08000204   0x00000006   Code   RO          580    .ARM.Collect$$_printf_percent$$00000011  c_w.l(_printf_llx.o)
    0x0800020a   0x0000000a   Code   RO          576    .ARM.Collect$$_printf_percent$$00000012  c_w.l(_printf_l.o)
    0x08000214   0x00000006   Code   RO          558    .ARM.Collect$$_printf_percent$$00000013  c_w.l(_printf_c.o)
    0x0800021a   0x00000006   Code   RO          559    .ARM.Collect$$_printf_percent$$00000014  c_w.l(_printf_s.o)
    0x08000220   0x00000006   Code   RO          577    .ARM.Collect$$_printf_percent$$00000015  c_w.l(_printf_lc.o)
    0x08000226   0x00000006   Code   RO          578    .ARM.Collect$$_printf_percent$$00000016  c_w.l(_printf_ls.o)
    0x0800022c   0x00000004   Code   RO          638    .ARM.Collect$$_printf_percent$$00000017  c_w.l(_printf_percent_end.o)
    0x08000230   0x00000002   Code   RO          669    .ARM.Collect$$libinit$$00000000  c_w.l(libinit.o)
    0x08000232   0x00000000   Code   RO          683    .ARM.Collect$$libinit$$00000002  c_w.l(libinit2.o)
    0x08000232   0x00000000   Code   RO          686    .ARM.Collect$$libinit$$00000008  c_w.l(libinit2.o)
    0x08000232   0x00000000   Code   RO          688    .ARM.Collect$$libinit$$0000000A  c_w.l(libinit2.o)
    0x08000232   0x00000000   Code   RO          690    .ARM.Collect$$libinit$$0000000C  c_w.l(libinit2.o)
    0x08000232   0x00000006   Code   RO          691    .ARM.Collect$$libinit$$0000000D  c_w.l(libinit2.o)
    0x08000238   0x00000000   Code   RO          693    .ARM.Collect$$libinit$$0000000F  c_w.l(libinit2.o)
    0x08000238   0x0000000c   Code   RO          694    .ARM.Collect$$libinit$$00000010  c_w.l(libinit2.o)
    0x08000244   0x00000000   Code   RO          695    .ARM.Collect$$libinit$$00000011  c_w.l(libinit2.o)
    0x08000244   0x00000000   Code   RO          697    .ARM.Collect$$libinit$$00000013  c_w.l(libinit2.o)
    0x08000244   0x00000000   Code   RO          699    .ARM.Collect$$libinit$$00000015  c_w.l(libinit2.o)
    0x08000244   0x00000000   Code   RO          701    .ARM.Collect$$libinit$$00000017  c_w.l(libinit2.o)
    0x08000244   0x00000000   Code   RO          703    .ARM.Collect$$libinit$$00000019  c_w.l(libinit2.o)
    0x08000244   0x00000000   Code   RO          705    .ARM.Collect$$libinit$$0000001B  c_w.l(libinit2.o)
    0x08000244   0x00000000   Code   RO          707    .ARM.Collect$$libinit$$0000001D  c_w.l(libinit2.o)
    0x08000244   0x00000000   Code   RO          709    .ARM.Collect$$libinit$$0000001F  c_w.l(libinit2.o)
    0x08000244   0x00000000   Code   RO          711    .ARM.Collect$$libinit$$00000021  c_w.l(libinit2.o)
    0x08000244   0x00000000   Code   RO          713    .ARM.Collect$$libinit$$00000023  c_w.l(libinit2.o)
    0x08000244   0x00000000   Code   RO          717    .ARM.Collect$$libinit$$0000002A  c_w.l(libinit2.o)
    0x08000244   0x00000000   Code   RO          719    .ARM.Collect$$libinit$$0000002C  c_w.l(libinit2.o)
    0x08000244   0x00000000   Code   RO          721    .ARM.Collect$$libinit$$0000002E  c_w.l(libinit2.o)
    0x08000244   0x00000000   Code   RO          723    .ARM.Collect$$libinit$$00000030  c_w.l(libinit2.o)
    0x08000244   0x00000002   Code   RO          724    .ARM.Collect$$libinit$$00000031  c_w.l(libinit2.o)
    0x08000246   0x00000002   Code   RO          746    .ARM.Collect$$libshutdown$$00000000  c_w.l(libshutdown.o)
    0x08000248   0x00000000   Code   RO          757    .ARM.Collect$$libshutdown$$00000003  c_w.l(libshutdown2.o)
    0x08000248   0x00000000   Code   RO          760    .ARM.Collect$$libshutdown$$00000006  c_w.l(libshutdown2.o)
    0x08000248   0x00000000   Code   RO          763    .ARM.Collect$$libshutdown$$00000009  c_w.l(libshutdown2.o)
    0x08000248   0x00000000   Code   RO          765    .ARM.Collect$$libshutdown$$0000000B  c_w.l(libshutdown2.o)
    0x08000248   0x00000000   Code   RO          768    .ARM.Collect$$libshutdown$$0000000E  c_w.l(libshutdown2.o)
    0x08000248   0x00000002   Code   RO          769    .ARM.Collect$$libshutdown$$0000000F  c_w.l(libshutdown2.o)
    0x0800024a   0x00000000   Code   RO          487    .ARM.Collect$$rtentry$$00000000  c_w.l(rtentry.o)
    0x0800024a   0x00000000   Code   RO          609    .ARM.Collect$$rtentry$$00000002  c_w.l(rtentry2.o)
    0x0800024a   0x00000006   Code   RO          621    .ARM.Collect$$rtentry$$00000004  c_w.l(rtentry4.o)
    0x08000250   0x00000000   Code   RO          611    .ARM.Collect$$rtentry$$00000009  c_w.l(rtentry2.o)
    0x08000250   0x00000004   Code   RO          612    .ARM.Collect$$rtentry$$0000000A  c_w.l(rtentry2.o)
    0x08000254   0x00000000   Code   RO          614    .ARM.Collect$$rtentry$$0000000C  c_w.l(rtentry2.o)
    0x08000254   0x00000008   Code   RO          615    .ARM.Collect$$rtentry$$0000000D  c_w.l(rtentry2.o)
    0x0800025c   0x00000002   Code   RO          672    .ARM.Collect$$rtexit$$00000000  c_w.l(rtexit.o)
    0x0800025e   0x00000000   Code   RO          728    .ARM.Collect$$rtexit$$00000002  c_w.l(rtexit2.o)
    0x0800025e   0x00000004   Code   RO          729    .ARM.Collect$$rtexit$$00000003  c_w.l(rtexit2.o)
    0x08000262   0x00000006   Code   RO          730    .ARM.Collect$$rtexit$$00000004  c_w.l(rtexit2.o)
    0x08000268   0x00000064   Code   RO          157    .emb_text           bsp.o
    0x080002cc   0x00000038   Code   RO            4    .text               stm32f10x.o
    0x08000304   0x00000264   Code   RO           12    .text               stm32_init.o
    0x08000568   0x000001a0   Code   RO           53    .text               ballplatemain.o
    0x08000708   0x0000079c   Code   RO          124    .text               controller.o
    0x08000ea4   0x00000104   Code   RO          158    .text               bsp.o
    0x08000fa8   0x00000338   Code   RO          197    .text               auxsiocomm.o
    0x080012e0   0x0000044c   Code   RO          220    .text               utility.o
    0x0800172c   0x000003c4   Code   RO          238    .text               ballplatekflib.o
    0x08001af0   0x000003a4   Code   RO          379    .text               stm32f10x_rcc.o
    0x08001e94   0x000001dc   Code   RO          405    .text               basicio.o
    0x08002070   0x0000002c   Code   RO          425    .text               c_w.l(_sprintf.o)
    0x0800209c   0x00000064   Code   RO          427    .text               c_w.l(rt_memcpy_w.o)
    0x08002100   0x00000006   Code   RO          429    .text               c_w.l(heapauxi.o)
    0x08002106   0x00000016   Code   RO          488    .text               c_w.l(_rserrno.o)
    0x0800211c   0x00000052   Code   RO          492    .text               c_w.l(_printf_pad.o)
    0x0800216e   0x00000024   Code   RO          494    .text               c_w.l(_printf_truncate.o)
    0x08002192   0x00000052   Code   RO          496    .text               c_w.l(_printf_str.o)
    0x080021e4   0x00000078   Code   RO          498    .text               c_w.l(_printf_dec.o)
    0x0800225c   0x0000002a   Code   RO          500    .text               c_w.l(_printf_charcount.o)
    0x08002286   0x00000002   PAD
    0x08002288   0x00000030   Code   RO          502    .text               c_w.l(_printf_char_common.o)
    0x080022b8   0x0000000a   Code   RO          504    .text               c_w.l(_sputc.o)
    0x080022c2   0x00000002   PAD
    0x080022c4   0x000000bc   Code   RO          506    .text               c_w.l(_printf_wctomb.o)
    0x08002380   0x00000078   Code   RO          509    .text               c_w.l(_printf_longlong_dec.o)
    0x080023f8   0x00000078   Code   RO          515    .text               c_w.l(_printf_oct_int_ll.o)
    0x08002470   0x0000009c   Code   RO          535    .text               c_w.l(_printf_hex_int_ll_ptr.o)
    0x0800250c   0x0000018c   Code   RO          555    .text               c_w.l(__printf_flags_ss_wp.o)
    0x08002698   0x00000008   Code   RO          626    .text               c_w.l(rt_errno_addr_intlibspace.o)
    0x080026a0   0x0000008a   Code   RO          628    .text               c_w.l(lludiv10.o)
    0x0800272a   0x000000b8   Code   RO          630    .text               c_w.l(_printf_intcommon.o)
    0x080027e2   0x0000002c   Code   RO          634    .text               c_w.l(_printf_char.o)
    0x0800280e   0x0000002c   Code   RO          636    .text               c_w.l(_printf_wchar.o)
    0x0800283a   0x00000040   Code   RO          639    .text               c_w.l(_wcrtomb.o)
    0x0800287a   0x00000002   PAD
    0x0800287c   0x00000008   Code   RO          655    .text               c_w.l(libspace.o)
    0x08002884   0x0000004a   Code   RO          658    .text               c_w.l(sys_stackheap_outer.o)
    0x080028ce   0x00000002   PAD
    0x080028d0   0x00000010   Code   RO          660    .text               c_w.l(rt_ctype_table.o)
    0x080028e0   0x0000000c   Code   RO          662    .text               c_w.l(exit.o)
    0x080028ec   0x00000008   Code   RO          677    .text               c_w.l(rt_locale_intlibspace.o)
    0x080028f4   0x00000080   Code   RO          734    .text               c_w.l(strcmpv7m.o)
    0x08002974   0x00000028   Code   RO          651    i.__ARM_fpclassify  m_ws.l(fpclassify.o)
    0x0800299c   0x00000388   Code   RO          597    i.__ieee754_rem_pio2  m_ws.l(rred.o)
    0x08002d24   0x000000fc   Code   RO          594    i.__kernel_cos      m_ws.l(cos_i.o)
    0x08002e20   0x000000aa   Code   RO          653    i.__kernel_poly     m_ws.l(poly.o)
    0x08002eca   0x00000002   PAD
    0x08002ecc   0x000000ec   Code   RO          602    i.__kernel_sin      m_ws.l(sin_i.o)
    0x08002fb8   0x00000010   Code   RO          649    i.__mathlib_dbl_underflow  m_ws.l(dunder.o)
    0x08002fc8   0x0000000e   Code   RO          548    i._is_digit         c_w.l(__printf_wp.o)
    0x08002fd6   0x00000002   PAD
    0x08002fd8   0x000000ac   Code   RO          480    i.cos               m_ws.l(cos.o)
    0x08003084   0x0000002c   Code   RO          680    locale$$code        c_w.l(lc_ctype_c.o)
    0x080030b0   0x00000062   Code   RO          433    x$fpl$d2f           fz_ws.l(d2f.o)
    0x08003112   0x00000002   PAD
    0x08003114   0x00000150   Code   RO          435    x$fpl$dadd          fz_ws.l(daddsub_clz.o)
    0x08003264   0x00000010   Code   RO          641    x$fpl$dcheck1       fz_ws.l(dcheck1.o)
    0x08003274   0x00000018   Code   RO          581    x$fpl$dcmpinf       fz_ws.l(dcmpi.o)
    0x0800328c   0x000002b0   Code   RO          442    x$fpl$ddiv          fz_ws.l(ddiv.o)
    0x0800353c   0x0000005e   Code   RO          445    x$fpl$dfix          fz_ws.l(dfix.o)
    0x0800359a   0x0000002e   Code   RO          644    x$fpl$dflt          fz_ws.l(dflt_clz.o)
    0x080035c8   0x00000026   Code   RO          643    x$fpl$dfltu         fz_ws.l(dflt_clz.o)
    0x080035ee   0x00000002   PAD
    0x080035f0   0x00000078   Code   RO          449    x$fpl$dleqf         fz_ws.l(dleqf.o)
    0x08003668   0x00000154   Code   RO          451    x$fpl$dmul          fz_ws.l(dmul.o)
    0x080037bc   0x0000009c   Code   RO          583    x$fpl$dnaninf       fz_ws.l(dnaninf.o)
    0x08003858   0x0000000c   Code   RO          585    x$fpl$dretinf       fz_ws.l(dretinf.o)
    0x08003864   0x0000006c   Code   RO          453    x$fpl$drleqf        fz_ws.l(drleqf.o)
    0x080038d0   0x00000016   Code   RO          436    x$fpl$drsb          fz_ws.l(daddsub_clz.o)
    0x080038e6   0x00000002   PAD
    0x080038e8   0x000001d4   Code   RO          437    x$fpl$dsub          fz_ws.l(daddsub_clz.o)
    0x08003abc   0x00000056   Code   RO          455    x$fpl$f2d           fz_ws.l(f2d.o)
    0x08003b12   0x00000002   PAD
    0x08003b14   0x000000c4   Code   RO          457    x$fpl$fadd          fz_ws.l(faddsub_clz.o)
    0x08003bd8   0x00000184   Code   RO          464    x$fpl$fdiv          fz_ws.l(fdiv.o)
    0x08003d5c   0x00000036   Code   RO          467    x$fpl$ffix          fz_ws.l(ffix.o)
    0x08003d92   0x00000002   PAD
    0x08003d94   0x00000030   Code   RO          472    x$fpl$fflt          fz_ws.l(fflt_clz.o)
    0x08003dc4   0x00000102   Code   RO          477    x$fpl$fmul          fz_ws.l(fmul.o)
    0x08003ec6   0x0000008c   Code   RO          587    x$fpl$fnaninf       fz_ws.l(fnaninf.o)
    0x08003f52   0x0000000a   Code   RO          589    x$fpl$fretinf       fz_ws.l(fretinf.o)
    0x08003f5c   0x00000014   Code   RO          458    x$fpl$frsb          fz_ws.l(faddsub_clz.o)
    0x08003f70   0x000000ea   Code   RO          459    x$fpl$fsub          fz_ws.l(faddsub_clz.o)
    0x0800405a   0x00000064   Code   RO          670    x$fpl$retnan        fz_ws.l(retnan.o)
    0x080040be   0x0000005c   Code   RO          591    x$fpl$scalbn        fz_ws.l(scalbn.o)
    0x0800411a   0x00000030   Code   RO          725    x$fpl$trapveneer    fz_ws.l(trapv.o)
    0x0800414a   0x00000000   Code   RO          593    x$fpl$usenofp       fz_ws.l(usenofp.o)
    0x0800414a   0x00000002   PAD
    0x0800414c   0x00000088   Data   RO           54    .constdata          ballplatemain.o
    0x080041d4   0x00000028   Data   RO          406    .constdata          basicio.o
    0x080041fc   0x00000008   Data   RO          507    .constdata          c_w.l(_printf_wctomb.o)
    0x08004204   0x00000028   Data   RO          536    .constdata          c_w.l(_printf_hex_int_ll_ptr.o)
    0x0800422c   0x00000011   Data   RO          556    .constdata          c_w.l(__printf_flags_ss_wp.o)
    0x0800423d   0x00000003   PAD
    0x08004240   0x00000030   Data   RO          595    .constdata          m_ws.l(cos_i.o)
    0x08004270   0x000000c8   Data   RO          599    .constdata          m_ws.l(rred.o)
    0x08004338   0x00000028   Data   RO          603    .constdata          m_ws.l(sin_i.o)
    0x08004360   0x00000020   Data   RO          801    Region$$Table       anon$$obj.o
    0x08004380   0x00000110   Data   RO          679    locale$$data        c_w.l(lc_ctype_c.o)


    Execution Region RW_IRAM1 (Base: 0x20000000, Size: 0x00000668, Max: 0x00005000, ABSOLUTE, COMPRESSED[0x00000028])

    Base Addr    Size         Type   Attr      Idx    E Section Name        Object

    0x20000000   0x000002c1   Data   RW           55    .data               ballplatemain.o
    0x200002c1   0x00000003   PAD
    0x200002c4   0x0000000c   Data   RW          126    .data               controller.o
    0x200002d0   0x00000014   Data   RW          380    .data               stm32f10x_rcc.o
    0x200002e4   0x00000001   Data   RW          407    .data               basicio.o
    0x200002e5   0x00000003   PAD
    0x200002e8   0x00000020   Zero   RW          125    .bss                controller.o
    0x20000308   0x00000060   Zero   RW          656    .bss                c_w.l(libspace.o)
    0x20000368   0x00000000   Zero   RW            2    HEAP                stm32f10x.o
    0x20000368   0x00000300   Zero   RW            1    STACK               stm32f10x.o


==============================================================================

Image component sizes


      Code (inc. data)   RO Data    RW Data    ZI Data      Debug   Object Name

       824         22          0          0          0       5416   auxsiocomm.o
       964          4          0          0          0       3530   ballplatekflib.o
       416        264        136        705          0       5092   ballplatemain.o
       476         14         40          1          0       4318   basicio.o
       360         46          0          0          0      13939   bsp.o
      1948        152          0         12         32       4037   controller.o
         0          0          0          0          0     201836   misc.o
       612         52          0          0          0      11223   stm32_init.o
        56         18        236          0        768        864   stm32f10x.o
       932         44          0         20          0      17872   stm32f10x_rcc.o
      1100        470          0          0          0       2729   utility.o

    ----------------------------------------------------------------------
      7688       1086        444        744        800     270856   Object Totals
         0          0         32          0          0          0   (incl. Generated)
         0          0          0          6          0          0   (incl. Padding)

    ----------------------------------------------------------------------

      Code (inc. data)   RO Data    RW Data    ZI Data      Debug   Library Member Name

        90          0          0          0          0          0   __dczerorl2.o
         8          0          0          0          0         68   __main.o
       396          6         17          0          0         92   __printf_flags_ss_wp.o
        14          0          0          0          0         68   __printf_wp.o
        52          8          0          0          0          0   __scatter.o
        28          0          0          0          0          0   __scatter_zi.o
         6          0          0          0          0          0   _printf_a.o
         6          0          0          0          0          0   _printf_c.o
        44          0          0          0          0        108   _printf_char.o
        48          6          0          0          0         96   _printf_char_common.o
        42          0          0          0          0         68   _printf_charcount.o
         6          0          0          0          0          0   _printf_d.o
       120         18          0          0          0         92   _printf_dec.o
         6          0          0          0          0          0   _printf_e.o
         6          0          0          0          0          0   _printf_f.o
         6          0          0          0          0          0   _printf_g.o
       156          6         40          0          0        160   _printf_hex_int_ll_ptr.o
         6          0          0          0          0          0   _printf_i.o
       184          0          0          0          0         88   _printf_intcommon.o
        10          0          0          0          0          0   _printf_l.o
         6          0          0          0          0          0   _printf_lc.o
        10          0          0          0          0          0   _printf_ll.o
         6          0          0          0          0          0   _printf_lld.o
         6          0          0          0          0          0   _printf_lli.o
         6          0          0          0          0          0   _printf_llo.o
         6          0          0          0          0          0   _printf_llu.o
         6          0          0          0          0          0   _printf_llx.o
       120         16          0          0          0         92   _printf_longlong_dec.o
         6          0          0          0          0          0   _printf_ls.o
         6          0          0          0          0          0   _printf_n.o
         6          0          0          0          0          0   _printf_o.o
       120          8          0          0          0        124   _printf_oct_int_ll.o
         6          0          0          0          0          0   _printf_p.o
        82          0          0          0          0        108   _printf_pad.o
         0          0          0          0          0          0   _printf_percent.o
         4          0          0          0          0          0   _printf_percent_end.o
         6          0          0          0          0          0   _printf_s.o
        82          0          0          0          0         80   _printf_str.o
        36          0          0          0          0         84   _printf_truncate.o
         6          0          0          0          0          0   _printf_u.o
        44          0          0          0          0        108   _printf_wchar.o
       188          6          8          0          0         92   _printf_wctomb.o
         6          0          0          0          0          0   _printf_x.o
        22          0          0          0          0        100   _rserrno.o
        44          6          0          0          0         84   _sprintf.o
        10          0          0          0          0         68   _sputc.o
        64          0          0          0          0         92   _wcrtomb.o
        12          0          0          0          0         72   exit.o
         6          0          0          0          0        152   heapauxi.o
        44         10        272          0          0         76   lc_ctype_c.o
         2          0          0          0          0          0   libinit.o
        20          0          0          0          0          0   libinit2.o
         2          0          0          0          0          0   libshutdown.o
         2          0          0          0          0          0   libshutdown2.o
         8          4          0          0         96         68   libspace.o
       138          0          0          0          0         80   lludiv10.o
        16          4          0          0          0         76   rt_ctype_table.o
         8          4          0          0          0         68   rt_errno_addr_intlibspace.o
         8          4          0          0          0         68   rt_locale_intlibspace.o
       100          0          0          0          0         80   rt_memcpy_w.o
         0          0          0          0          0          0   rtentry.o
        12          0          0          0          0          0   rtentry2.o
         6          0          0          0          0          0   rtentry4.o
         2          0          0          0          0          0   rtexit.o
        10          0          0          0          0          0   rtexit2.o
       128          0          0          0          0         68   strcmpv7m.o
        74          0          0          0          0         80   sys_stackheap_outer.o
        98          4          0          0          0         92   d2f.o
       826         16          0          0          0        348   daddsub_clz.o
        16          4          0          0          0         68   dcheck1.o
        24          0          0          0          0         68   dcmpi.o
       688        140          0          0          0        208   ddiv.o
        94          4          0          0          0         92   dfix.o
        84          0          0          0          0        136   dflt_clz.o
       120          4          0          0          0         92   dleqf.o
       340         12          0          0          0        104   dmul.o
       156          4          0          0          0         92   dnaninf.o
        12          0          0          0          0         68   dretinf.o
       108          0          0          0          0         80   drleqf.o
        86          4          0          0          0         84   f2d.o
       450          8          0          0          0        236   faddsub_clz.o
       388         76          0          0          0         96   fdiv.o
        54          4          0          0          0         84   ffix.o
        48          0          0          0          0         68   fflt_clz.o
       258          4          0          0          0         84   fmul.o
       140          4          0          0          0         84   fnaninf.o
        10          0          0          0          0         68   fretinf.o
       100          0          0          0          0         68   retnan.o
        92          0          0          0          0         68   scalbn.o
        48          0          0          0          0         68   trapv.o
         0          0          0          0          0          0   usenofp.o
       172          8          0          0          0        112   cos.o
       252         22         48          0          0        124   cos_i.o
        16          6          0          0          0         68   dunder.o
        40          0          0          0          0         68   fpclassify.o
       170          0          0          0          0         96   poly.o
       904         72        200          0          0        140   rred.o
       236         12         40          0          0        128   sin_i.o

    ----------------------------------------------------------------------
      8792        514        628          0         96       5952   Library Totals
        26          0          3          0          0          0   (incl. Padding)

    ----------------------------------------------------------------------

      Code (inc. data)   RO Data    RW Data    ZI Data      Debug   Library Name

      2736        106        337          0         96       2760   c_w.l
      4240        288          0          0          0       2456   fz_ws.l
      1790        120        288          0          0        736   m_ws.l

    ----------------------------------------------------------------------
      8792        514        628          0         96       5952   Library Totals

    ----------------------------------------------------------------------

==============================================================================


      Code (inc. data)   RO Data    RW Data    ZI Data      Debug   

     16480       1600       1072        744        896     272596   Grand Totals
     16480       1600       1072         40        896     272596   ELF Image Totals (compressed)
     16480       1600       1072         40          0          0   ROM Totals

==============================================================================

    Total RO  Size (Code + RO Data)                17552 (  17.14kB)
    Total RW  Size (RW Data + ZI Data)              1640 (   1.60kB)
    Total ROM Size (Code + RO Data + RW Data)      17592 (  17.18kB)

==============================================================================

